Six-joint follow test: 192.168.0.101 -> 192.168.0.102
J1-J6 relative motion is 1:1
No automatic robot power-on or robot enable
try to connect: 192.168.0.102
try to connect: 192.168.0.101
connect success
six-joint follower login_ret=0 ip=192.168.0.102
connect success
operator login_ret=0 ip=192.168.0.101
operator zero captured sequence=137
servo_move_enable_ret=0
seq=163 operator_q=[1.570837, 0.785354, -1.696433, -0.000095, -1.513501, -0.000261] target_q=[-1.570686, 0.785384, -1.696341, -0.000062, -1.513442, -1.570743] actual_q=[-1.570614, 0.785384, -1.696413, -0.000062, -1.513442, -1.570827] error_deg=[0.004120, 0.000000, 0.004120, 0.000000, 0.000000, 0.004807] latency_ms=0.049404
seq=188 operator_q=[1.570837, 0.785354, -1.696433, -0.000071, -1.513489, -0.000261] target_q=[-1.570686, 0.785384, -1.696341, -0.000038, -1.513430, -1.570743] actual_q=[-1.570638, 0.785384, -1.696401, -0.000050, -1.513370, -1.570815] error_deg=[0.002747, 0.000000, 0.003433, 0.000687, 0.003433, 0.004120] latency_ms=0.008050
seq=213 operator_q=[1.570849, 0.785354, -1.696433, -0.000035, -1.513453, -0.000261] target_q=[-1.570674, 0.785384, -1.696341, -0.000002, -1.513394, -1.570743] actual_q=[-1.570590, 0.785384, -1.696389, -0.000026, -1.513250, -1.570791] error_deg=[0.004807, 0.000000, 0.002747, 0.001373, 0.008240, 0.002747] latency_ms=0.213877
seq=238 operator_q=[1.570849, 0.785354, -1.696373, -0.000035, -1.511008, -0.000261] target_q=[-1.570674, 0.785384, -1.696281, -0.000002, -1.510949, -1.570743] actual_q=[-1.570686, 0.785384, -1.696221, -0.000014, -1.511944, -1.570779] error_deg=[0.000687, 0.000000, 0.003433, 0.000687, 0.056992, 0.002060] latency_ms=0.052286
seq=263 operator_q=[1.570849, 0.785354, -1.679140, -0.000059, -1.510793, -0.000261] target_q=[-1.570674, 0.785384, -1.679048, -0.000026, -1.510734, -1.570743] actual_q=[-1.570758, 0.785264, -1.689906, -0.000265, -1.511081, -1.570719] error_deg=[0.004807, 0.006866, 0.622101, 0.013733, 0.019913, 0.001373] latency_ms=0.081341
seq=288 operator_q=[1.570837, 0.785354, -1.607091, -0.000083, -1.510805, -0.000261] target_q=[-1.570686, 0.785384, -1.606999, -0.000050, -1.510746, -1.570743] actual_q=[-1.570746, 0.785096, -1.637163, -0.000062, -1.510818, -1.570551] error_deg=[0.003433, 0.016479, 1.728287, 0.000687, 0.004120, 0.010986] latency_ms=0.083796
seq=313 operator_q=[1.570849, 0.785306, -1.535928, -0.000083, -1.510805, -0.000261] target_q=[-1.570674, 0.785336, -1.535837, -0.000050, -1.510746, -1.570743] actual_q=[-1.570734, 0.785252, -1.559110, -0.000086, -1.510758, -1.570563] error_deg=[0.003433, 0.004807, 1.333466, 0.002060, 0.000687, 0.010300] latency_ms=0.090319
seq=338 operator_q=[1.570849, 0.785306, -1.475636, -0.000083, -1.510805, -0.000261] target_q=[-1.570674, 0.785336, -1.475544, -0.000050, -1.510746, -1.570743] actual_q=[-1.570710, 0.785420, -1.494899, -0.000050, -1.510734, -1.570623] error_deg=[0.002060, 0.004807, 1.108932, 0.000000, 0.000687, 0.006866] latency_ms=4.172594
seq=363 operator_q=[1.570837, 0.785282, -1.427651, -0.000083, -1.510829, -0.000261] target_q=[-1.570686, 0.785312, -1.427559, -0.000050, -1.510770, -1.570743] actual_q=[-1.570638, 0.785396, -1.445368, -0.000062, -1.510866, -1.570707] error_deg=[0.002747, 0.004807, 1.020355, 0.000687, 0.005493, 0.002060] latency_ms=3.801140
seq=388 operator_q=[1.570849, 0.785270, -1.398074, -0.000083, -1.510829, -0.000261] target_q=[-1.570674, 0.785300, -1.397982, -0.000050, -1.510770, -1.570743] actual_q=[-1.570602, 0.785192, -1.408013, -0.000014, -1.510794, -1.570707] error_deg=[0.004120, 0.006180, 0.574722, 0.002060, 0.001373, 0.002060] latency_ms=2.049923
seq=413 operator_q=[1.570837, 0.785270, -1.380373, -0.000083, -1.510841, -0.000261] target_q=[-1.570686, 0.785300, -1.380281, -0.000050, -1.510782, -1.570743] actual_q=[-1.570626, 0.785372, -1.386849, -0.000014, -1.510806, -1.570731] error_deg=[0.003433, 0.004120, 0.376282, 0.002060, 0.001373, 0.000687] latency_ms=0.469746
seq=438 operator_q=[1.570837, 0.785270, -1.369935, -0.000095, -1.510841, -0.000261] target_q=[-1.570686, 0.785300, -1.369843, -0.000062, -1.510782, -1.570743] actual_q=[-1.570746, 0.785360, -1.373666, -0.000122, -1.510806, -1.570731] error_deg=[0.003433, 0.003433, 0.219040, 0.003433, 0.001373, 0.000687] latency_ms=4.588372
seq=463 operator_q=[1.570837, 0.785270, -1.363128, -0.000095, -1.510829, -0.000261] target_q=[-1.570686, 0.785300, -1.363036, -0.000062, -1.510770, -1.570743] actual_q=[-1.570710, 0.785348, -1.364774, -0.000110, -1.510710, -1.570731] error_deg=[0.001373, 0.002747, 0.099564, 0.002747, 0.003433, 0.000687] latency_ms=1.759755
seq=488 operator_q=[1.570837, 0.785270, -1.362624, -0.000095, -1.510829, -0.000261] target_q=[-1.570686, 0.785300, -1.362533, -0.000062, -1.510770, -1.570743] actual_q=[-1.570710, 0.785336, -1.362736, -0.000002, -1.510722, -1.570731] error_deg=[0.001373, 0.002060, 0.011673, 0.003433, 0.002747, 0.000687] latency_ms=0.084903
seq=513 operator_q=[1.570837, 0.785270, -1.362624, -0.000083, -1.510829, -0.000261] target_q=[-1.570686, 0.785300, -1.362533, -0.000050, -1.510770, -1.570743] actual_q=[-1.570710, 0.785336, -1.362724, -0.000050, -1.510722, -1.570731] error_deg=[0.001373, 0.002060, 0.010986, 0.000000, 0.002747, 0.000687] latency_ms=0.269702
seq=538 operator_q=[1.570849, 0.785270, -1.362624, -0.000047, -1.510817, -0.000261] target_q=[-1.570674, 0.785300, -1.362533, -0.000014, -1.510758, -1.570743] actual_q=[-1.570530, 0.785312, -1.362629, 0.000058, -1.510734, -1.570731] error_deg=[0.008240, 0.000687, 0.005493, 0.004120, 0.001373, 0.000687] latency_ms=0.093400
seq=563 operator_q=[1.570849, 0.785270, -1.362624, 0.038950, -1.510781, -0.000261] target_q=[-1.570674, 0.785300, -1.362533, 0.038983, -1.510722, -1.570743] actual_q=[-1.570542, 0.785312, -1.362509, 0.017267, -1.510614, -1.570731] error_deg=[0.007553, 0.000687, 0.001373, 1.244202, 0.006180, 0.000687] latency_ms=0.090914
seq=588 operator_q=[1.570849, 0.785270, -1.362624, 0.126087, -1.510781, -0.000261] target_q=[-1.570674, 0.785300, -1.362533, 0.126120, -1.510722, -1.570743] actual_q=[-1.570578, 0.785300, -1.362497, 0.101696, -1.510710, -1.570731] error_deg=[0.005493, 0.000000, 0.002060, 1.399384, 0.000687, 0.000687] latency_ms=0.093936
seq=613 operator_q=[1.570849, 0.785270, -1.362624, 0.211055, -1.510769, -0.000261] target_q=[-1.570674, 0.785300, -1.362533, 0.211088, -1.510710, -1.570743] actual_q=[-1.570614, 0.785288, -1.362497, 0.183141, -1.510674, -1.570731] error_deg=[0.003433, 0.000687, 0.002060, 1.601257, 0.002060, 0.000687] latency_ms=0.085363
seq=638 operator_q=[1.570849, 0.785270, -1.362624, 0.300374, -1.510757, -0.000273] target_q=[-1.570674, 0.785300, -1.362533, 0.300407, -1.510698, -1.570755] actual_q=[-1.570830, 0.785108, -1.362401, 0.269056, -1.510854, -1.570959] error_deg=[0.008926, 0.010986, 0.007553, 1.796265, 0.008926, 0.011673] latency_ms=0.090260
seq=663 operator_q=[1.570849, 0.785270, -1.362612, 0.385881, -1.510757, -0.000273] target_q=[-1.570674, 0.785300, -1.362521, 0.385914, -1.510698, -1.570755] actual_q=[-1.570734, 0.785288, -1.362413, 0.351064, -1.510794, -1.570923] error_deg=[0.003433, 0.000687, 0.006180, 1.996765, 0.005493, 0.009613] latency_ms=0.056767
seq=689 operator_q=[1.570849, 0.785282, -1.362552, 0.442711, -1.510709, -0.000273] target_q=[-1.570674, 0.785312, -1.362461, 0.442743, -1.510650, -1.570755] actual_q=[-1.570674, 0.785240, -1.362485, 0.420573, -1.510698, -1.570851] error_deg=[0.000000, 0.004120, 0.001373, 1.270294, 0.002747, 0.005493] latency_ms=0.109320
seq=714 operator_q=[1.570849, 0.785282, -1.349430, 0.475547, -1.476410, -0.000285] target_q=[-1.570674, 0.785312, -1.349338, 0.475580, -1.476351, -1.570767] actual_q=[-1.570638, 0.785180, -1.359513, 0.463428, -1.494040, -1.570803] error_deg=[0.002060, 0.007553, 0.582962, 0.696259, 1.013489, 0.002060] latency_ms=0.095710
seq=739 operator_q=[1.570849, 0.785187, -1.270142, 0.476075, -1.399663, -0.000309] target_q=[-1.570674, 0.785216, -1.270050, 0.476107, -1.399604, -1.570791] actual_q=[-1.570674, 0.785288, -1.303307, 0.471242, -1.426832, -1.570671] error_deg=[0.000000, 0.004120, 1.905441, 0.278778, 1.560059, 0.006866] latency_ms=0.015558
seq=764 operator_q=[1.570849, 0.785067, -1.205643, 0.476075, -1.362284, -0.000309] target_q=[-1.570674, 0.785096, -1.205551, 0.476107, -1.362225, -1.570791] actual_q=[-1.570674, 0.785096, -1.226032, 0.474358, -1.372675, -1.570683] error_deg=[0.000000, 0.000000, 1.173477, 0.100250, 0.598755, 0.006180] latency_ms=0.098826
seq=789 operator_q=[1.570849, 0.785067, -1.175191, 0.476075, -1.347100, -0.000309] target_q=[-1.570674, 0.785096, -1.175099, 0.476107, -1.347041, -1.570791] actual_q=[-1.570686, 0.785312, -1.184867, 0.476024, -1.354220, -1.570707] error_deg=[0.000687, 0.012360, 0.559616, 0.004807, 0.411301, 0.004807] latency_ms=0.049059
seq=814 operator_q=[1.570849, 0.785067, -1.165700, 0.476075, -1.323611, -0.000309] target_q=[-1.570674, 0.785096, -1.165608, 0.476107, -1.323552, -1.570791] actual_q=[-1.570686, 0.785180, -1.167633, 0.476215, -1.332169, -1.570839] error_deg=[0.000687, 0.004807, 0.116043, 0.006180, 0.493698, 0.002747] latency_ms=0.030490
seq=839 operator_q=[1.570849, 0.785067, -1.165700, 0.476063, -1.287527, -0.000309] target_q=[-1.570674, 0.785096, -1.165608, 0.476096, -1.287468, -1.570791] actual_q=[-1.570686, 0.785168, -1.166387, 0.476143, -1.297211, -1.570827] error_deg=[0.000687, 0.004120, 0.044632, 0.002747, 0.558243, 0.002060] latency_ms=0.051328
seq=864 operator_q=[1.570837, 0.785055, -1.165712, 0.475763, -1.253983, -0.000309] target_q=[-1.570686, 0.785084, -1.165620, 0.475796, -1.253924, -1.570791] actual_q=[-1.570722, 0.785000, -1.165788, 0.475532, -1.267035, -1.570743] error_deg=[0.002060, 0.004807, 0.009613, 0.015106, 0.751190, 0.002747] latency_ms=0.088374
seq=889 operator_q=[1.570837, 0.785043, -1.165712, 0.475535, -1.218485, -0.000309] target_q=[-1.570686, 0.785072, -1.165620, 0.475568, -1.218426, -1.570791] actual_q=[-1.570722, 0.785000, -1.165728, 0.475472, -1.230662, -1.570743] error_deg=[0.002060, 0.004120, 0.006180, 0.005493, 0.701065, 0.002747] latency_ms=0.021761
seq=914 operator_q=[1.570837, 0.785007, -1.165712, 0.465133, -1.175486, -0.000309] target_q=[-1.570686, 0.785036, -1.165620, 0.465166, -1.175427, -1.570791] actual_q=[-1.570650, 0.785060, -1.165524, 0.471613, -1.187483, -1.570743] error_deg=[0.002060, 0.001373, 0.005493, 0.369415, 0.690765, 0.002747] latency_ms=0.049917
seq=939 operator_q=[1.570837, 0.779890, -1.165736, 0.426448, -1.137652, -0.000297] target_q=[-1.570686, 0.779919, -1.165644, 0.426481, -1.137593, -1.570779] actual_q=[-1.570650, 0.782735, -1.165596, 0.443019, -1.146317, -1.570611] error_deg=[0.002060, 0.161362, 0.002747, 0.947571, 0.499878, 0.009613] latency_ms=0.090103
seq=964 operator_q=[1.570837, 0.766611, -1.165736, 0.347268, -1.122456, -0.000297] target_q=[-1.570686, 0.766640, -1.165644, 0.347301, -1.122397, -1.570779] actual_q=[-1.570650, 0.770008, -1.165512, 0.371881, -1.125285, -1.570695] error_deg=[0.002060, 0.192947, 0.007553, 1.408310, 0.165482, 0.004807] latency_ms=0.278737
seq=989 operator_q=[1.570837, 0.756904, -1.165724, 0.269646, -1.116032, -0.000297] target_q=[-1.570686, 0.756933, -1.165632, 0.269679, -1.115973, -1.570779] actual_q=[-1.570650, 0.759018, -1.165524, 0.299484, -1.116776, -1.570755] error_deg=[0.002060, 0.119476, 0.006180, 1.707687, 0.046005, 0.001373] latency_ms=1.011801
seq=1014 operator_q=[1.570837, 0.746418, -1.165724, 0.198508, -1.094221, -0.000297] target_q=[-1.570686, 0.746447, -1.165632, 0.198541, -1.094162, -1.570779] actual_q=[-1.570686, 0.749479, -1.165644, 0.227746, -1.103378, -1.570767] error_deg=[0.000000, 0.173721, 0.000687, 1.673355, 0.528030, 0.000687] latency_ms=2.702164
seq=1039 operator_q=[1.570837, 0.739407, -1.165724, 0.122228, -1.059215, -0.000297] target_q=[-1.570686, 0.739436, -1.165632, 0.122261, -1.059156, -1.570779] actual_q=[-1.570650, 0.740071, -1.165608, 0.160551, -1.068001, -1.570767] error_deg=[0.002060, 0.036392, 0.001373, 2.193832, 0.506744, 0.000687] latency_ms=0.048193
seq=1064 operator_q=[1.570837, 0.739419, -1.165724, 0.051917, -1.033365, -0.000297] target_q=[-1.570686, 0.739448, -1.165632, 0.051950, -1.033306, -1.570779] actual_q=[-1.570674, 0.739424, -1.165620, 0.079442, -1.039382, -1.570767] error_deg=[0.000687, 0.001373, 0.000687, 1.575165, 0.348129, 0.000687] latency_ms=0.031442
seq=1089 operator_q=[1.570837, 0.739419, -1.165724, -0.016861, -1.029914, -0.000297] target_q=[-1.570686, 0.739448, -1.165632, -0.016828, -1.029855, -1.570779] actual_q=[-1.570722, 0.739412, -1.165620, 0.013456, -1.030226, -1.570779] error_deg=[0.002060, 0.002060, 0.000687, 1.735153, 0.021286, 0.000000] latency_ms=0.003459
seq=1114 operator_q=[1.570837, 0.739419, -1.165724, -0.084320, -1.029938, -0.000297] target_q=[-1.570686, 0.739448, -1.165632, -0.084287, -1.029879, -1.570779] actual_q=[-1.570686, 0.739424, -1.165620, -0.055417, -1.030190, -1.570803] error_deg=[0.000000, 0.001373, 0.000687, 1.654129, 0.017853, 0.001373] latency_ms=0.637550
seq=1140 operator_q=[1.570837, 0.739443, -1.165724, -0.150281, -1.029938, -0.000297] target_q=[-1.570686, 0.739472, -1.165632, -0.150248, -1.029879, -1.570779] actual_q=[-1.570698, 0.739484, -1.165620, -0.126663, -1.029843, -1.570791] error_deg=[0.000687, 0.000687, 0.000687, 1.351318, 0.002060, 0.000687] latency_ms=0.093339
seq=1165 operator_q=[1.570837, 0.739455, -1.165724, -0.212143, -1.029950, -0.000297] target_q=[-1.570686, 0.739484, -1.165632, -0.212111, -1.029891, -1.570779] actual_q=[-1.570746, 0.739544, -1.165620, -0.167973, -1.029903, -1.570827] error_deg=[0.003433, 0.003433, 0.000687, 2.528915, 0.000687, 0.002747] latency_ms=1.110755
seq=1190 operator_q=[1.570837, 0.739455, -1.165724, -0.283354, -1.030022, -0.000297] target_q=[-1.570686, 0.739484, -1.165632, -0.283321, -1.029963, -1.570779] actual_q=[-1.570686, 0.739544, -1.165620, -0.251059, -1.030154, -1.570827] error_deg=[0.000000, 0.003433, 0.000687, 1.848450, 0.010986, 0.002747] latency_ms=2.230156
seq=1215 operator_q=[1.570837, 0.739455, -1.165724, -0.347062, -1.030177, -0.000297] target_q=[-1.570686, 0.739484, -1.165632, -0.347029, -1.030118, -1.570779] actual_q=[-1.570686, 0.739544, -1.165632, -0.323420, -1.030238, -1.570815] error_deg=[0.000000, 0.003433, 0.000000, 1.352692, 0.006866, 0.002060] latency_ms=0.048090
seq=1241 operator_q=[1.570837, 0.739455, -1.165724, -0.411070, -1.036817, -0.000297] target_q=[-1.570686, 0.739484, -1.165632, -0.411037, -1.036758, -1.570779] actual_q=[-1.570686, 0.739472, -1.165620, -0.384492, -1.032395, -1.570791] error_deg=[0.000000, 0.000687, 0.000687, 1.520920, 0.249939, 0.000687] latency_ms=0.057620
seq=1266 operator_q=[1.570837, 0.739455, -1.165748, -0.454752, -1.073129, -0.000285] target_q=[-1.570686, 0.739484, -1.165656, -0.454719, -1.073070, -1.570767] actual_q=[-1.570698, 0.739472, -1.165644, -0.438696, -1.057370, -1.570647] error_deg=[0.000687, 0.000687, 0.000687, 0.918045, 0.899506, 0.006866] latency_ms=0.009597
seq=1291 operator_q=[1.570837, 0.739455, -1.165759, -0.463668, -1.150739, -0.000285] target_q=[-1.570686, 0.739484, -1.165668, -0.463635, -1.150680, -1.570767] actual_q=[-1.570698, 0.739472, -1.165740, -0.459944, -1.126639, -1.570659] error_deg=[0.000687, 0.000687, 0.004120, 0.211487, 1.377411, 0.006180] latency_ms=0.097152
seq=1316 operator_q=[1.570837, 0.739455, -1.165759, -0.463656, -1.230613, -0.000285] target_q=[-1.570686, 0.739484, -1.165668, -0.463624, -1.230555, -1.570767] actual_q=[-1.570686, 0.739472, -1.165608, -0.462113, -1.201541, -1.570779] error_deg=[0.000000, 0.000687, 0.003433, 0.086517, 1.662369, 0.000687] latency_ms=0.111736
seq=1341 operator_q=[1.570837, 0.739467, -1.165771, -0.463656, -1.297929, -0.000285] target_q=[-1.570686, 0.739496, -1.165680, -0.463624, -1.297870, -1.570767] actual_q=[-1.570662, 0.739472, -1.165608, -0.463492, -1.276178, -1.570779] error_deg=[0.001373, 0.001373, 0.004120, 0.007553, 1.242828, 0.000687] latency_ms=0.051704
seq=1366 operator_q=[1.570837, 0.739467, -1.165795, -0.463620, -1.359743, -0.000285] target_q=[-1.570686, 0.739496, -1.165704, -0.463588, -1.359685, -1.570767] actual_q=[-1.570662, 0.739484, -1.165788, -0.463504, -1.335440, -1.570779] error_deg=[0.001373, 0.000687, 0.004807, 0.004807, 1.389084, 0.000687] latency_ms=0.087371
seq=1391 operator_q=[1.570837, 0.739467, -1.165879, -0.463620, -1.433602, -0.000285] target_q=[-1.570686, 0.739496, -1.165788, -0.463588, -1.433543, -1.570767] actual_q=[-1.570722, 0.739472, -1.165824, -0.463600, -1.404278, -1.570779] error_deg=[0.002060, 0.001373, 0.002060, 0.000687, 1.676788, 0.000687] latency_ms=0.700429
seq=1416 operator_q=[1.570837, 0.739467, -1.165951, -0.463584, -1.513849, -0.000285] target_q=[-1.570686, 0.739496, -1.165860, -0.463552, -1.513790, -1.570767] actual_q=[-1.570710, 0.739472, -1.165896, -0.463408, -1.484872, -1.570767] error_deg=[0.001373, 0.001373, 0.002060, 0.008240, 1.656876, 0.000000] latency_ms=0.086812
seq=1442 operator_q=[1.570837, 0.739467, -1.165975, -0.463525, -1.575807, -0.000285] target_q=[-1.570686, 0.739496, -1.165884, -0.463492, -1.575748, -1.570767] actual_q=[-1.570686, 0.739496, -1.165812, -0.463528, -1.553122, -1.570827] error_deg=[0.000000, 0.000000, 0.004120, 0.002060, 1.296387, 0.003433] latency_ms=4.055907
seq=1467 operator_q=[1.570837, 0.739455, -1.166215, -0.463501, -1.617620, -0.000285] target_q=[-1.570686, 0.739484, -1.166123, -0.463468, -1.617561, -1.570767] actual_q=[-1.570674, 0.739436, -1.166039, -0.463444, -1.599081, -1.570803] error_deg=[0.000687, 0.002747, 0.004807, 0.001373, 1.058807, 0.002060] latency_ms=0.052635
seq=1492 operator_q=[1.570837, 0.739455, -1.181279, -0.463489, -1.662165, -0.000285] target_q=[-1.570686, 0.739484, -1.181187, -0.463456, -1.662106, -1.570767] actual_q=[-1.570686, 0.739472, -1.173374, -0.463492, -1.643902, -1.570743] error_deg=[0.000000, 0.000687, 0.447693, 0.002060, 1.043015, 0.001373] latency_ms=0.194943
seq=1518 operator_q=[1.570837, 0.739455, -1.222673, -0.463285, -1.704170, -0.000273] target_q=[-1.570686, 0.739484, -1.222581, -0.463252, -1.704111, -1.570755] actual_q=[-1.570650, 0.739520, -1.211352, -0.463048, -1.691767, -1.570695] error_deg=[0.002060, 0.002060, 0.643387, 0.011673, 0.707245, 0.003433] latency_ms=0.059153
seq=1543 operator_q=[1.570849, 0.739455, -1.264557, -0.457461, -1.705740, -0.000273] target_q=[-1.570674, 0.739484, -1.264466, -0.457428, -1.705681, -1.570755] actual_q=[-1.570590, 0.739448, -1.253153, -0.461778, -1.701642, -1.570707] error_deg=[0.004807, 0.002060, 0.648193, 0.249252, 0.231400, 0.002747] latency_ms=0.014493
seq=1568 operator_q=[1.570849, 0.739455, -1.296675, -0.434774, -1.705740, -0.000273] target_q=[-1.570674, 0.739484, -1.296584, -0.434742, -1.705681, -1.570755] actual_q=[-1.570626, 0.739472, -1.288902, -0.438529, -1.704483, -1.570755] error_deg=[0.002747, 0.000687, 0.440140, 0.216980, 0.068665, 0.000000] latency_ms=0.159623
seq=1593 operator_q=[1.570849, 0.739455, -1.309618, -0.399769, -1.705740, -0.000273] target_q=[-1.570674, 0.739484, -1.309527, -0.399736, -1.705681, -1.570755] actual_q=[-1.570638, 0.739472, -1.306698, -0.411768, -1.705010, -1.570755] error_deg=[0.002060, 0.000687, 0.162048, 0.689392, 0.038452, 0.000000] latency_ms=0.093586
seq=1618 operator_q=[1.570849, 0.739455, -1.310062, -0.346043, -1.705752, -0.000273] target_q=[-1.570674, 0.739484, -1.309970, -0.346010, -1.705693, -1.570755] actual_q=[-1.570650, 0.739472, -1.309383, -0.360859, -1.705681, -1.570755] error_deg=[0.001373, 0.000687, 0.033646, 0.850754, 0.000687, 0.000000] latency_ms=0.101093
seq=1644 operator_q=[1.570849, 0.739455, -1.310062, -0.281724, -1.705764, -0.000273] target_q=[-1.570674, 0.739484, -1.309970, -0.281691, -1.705705, -1.570755] actual_q=[-1.570662, 0.739508, -1.309814, -0.305432, -1.705921, -1.570755] error_deg=[0.000687, 0.001373, 0.008926, 1.360245, 0.012360, 0.000000] latency_ms=3.130352
seq=1670 operator_q=[1.570849, 0.739455, -1.310062, -0.222414, -1.705764, -0.000273] target_q=[-1.570674, 0.739484, -1.309970, -0.222381, -1.705705, -1.570755] actual_q=[-1.570674, 0.739520, -1.310018, -0.242059, -1.705885, -1.570755] error_deg=[0.000000, 0.002060, 0.002747, 1.127472, 0.010300, 0.000000] latency_ms=2.624698
seq=1695 operator_q=[1.570849, 0.739455, -1.310062, -0.152594, -1.705776, -0.000273] target_q=[-1.570674, 0.739484, -1.309970, -0.152561, -1.705717, -1.570755] actual_q=[-1.570686, 0.739460, -1.310066, -0.185266, -1.705789, -1.570743] error_deg=[0.000687, 0.001373, 0.005493, 1.873856, 0.004120, 0.000687] latency_ms=0.093519
seq=1720 operator_q=[1.570849, 0.739467, -1.310062, -0.092864, -1.705788, -0.000273] target_q=[-1.570674, 0.739496, -1.309970, -0.092832, -1.705729, -1.570755] actual_q=[-1.570602, 0.739496, -1.310066, -0.119820, -1.705705, -1.570755] error_deg=[0.004120, 0.000000, 0.005493, 1.546326, 0.001373, 0.000000] latency_ms=0.047652
seq=1747 operator_q=[1.570849, 0.739455, -1.310062, -0.031589, -1.705788, -0.000273] target_q=[-1.570674, 0.739484, -1.309970, -0.031556, -1.705729, -1.570755] actual_q=[-1.570614, 0.739472, -1.309994, -0.060942, -1.705681, -1.570755] error_deg=[0.003433, 0.000687, 0.001373, 1.683655, 0.002747, 0.000000] latency_ms=0.005167
seq=1772 operator_q=[1.570849, 0.739455, -1.310062, 0.029099, -1.705776, -0.000273] target_q=[-1.570674, 0.739484, -1.309970, 0.029132, -1.705717, -1.570755] actual_q=[-1.570650, 0.739472, -1.309970, 0.000418, -1.705633, -1.570755] error_deg=[0.001373, 0.000687, 0.000000, 1.645203, 0.004807, 0.000000] latency_ms=0.018681
seq=1798 operator_q=[1.570849, 0.739467, -1.310062, 0.091453, -1.705776, -0.000261] target_q=[-1.570674, 0.739496, -1.309970, 0.091486, -1.705717, -1.570743] actual_q=[-1.570638, 0.739520, -1.309970, 0.070813, -1.705669, -1.570659] error_deg=[0.002060, 0.001373, 0.000000, 1.184463, 0.002747, 0.004807] latency_ms=0.059844
seq=1823 operator_q=[1.570849, 0.739467, -1.310062, 0.154070, -1.705776, -0.000261] target_q=[-1.570674, 0.739496, -1.309970, 0.154103, -1.705717, -1.570743] actual_q=[-1.570686, 0.739520, -1.309922, 0.118486, -1.705729, -1.570683] error_deg=[0.000687, 0.001373, 0.002747, 2.040710, 0.000687, 0.003433] latency_ms=0.108622
seq=1848 operator_q=[1.570849, 0.739467, -1.310038, 0.223124, -1.705776, -0.000261] target_q=[-1.570674, 0.739496, -1.309946, 0.223156, -1.705717, -1.570743] actual_q=[-1.570686, 0.739496, -1.309946, 0.193016, -1.705705, -1.570695] error_deg=[0.000687, 0.000000, 0.000000, 1.726913, 0.000687, 0.002747] latency_ms=0.105307
seq=1873 operator_q=[1.570849, 0.739467, -1.310050, 0.283344, -1.705800, -0.000261] target_q=[-1.570674, 0.739496, -1.309958, 0.283377, -1.705741, -1.570743] actual_q=[-1.570614, 0.739556, -1.309910, 0.253932, -1.705825, -1.570719] error_deg=[0.003433, 0.003433, 0.002747, 1.687088, 0.004807, 0.001373] latency_ms=1.631697
seq=1898 operator_q=[1.570849, 0.739467, -1.310050, 0.313305, -1.707166, -0.000261] target_q=[-1.570674, 0.739496, -1.309958, 0.313338, -1.707107, -1.570743] actual_q=[-1.570638, 0.739496, -1.309910, 0.298825, -1.706268, -1.570719] error_deg=[0.002060, 0.000000, 0.002747, 0.831528, 0.048065, 0.001373] latency_ms=0.103608
seq=1923 operator_q=[1.570837, 0.739467, -1.310062, 0.314503, -1.768837, -0.000273] target_q=[-1.570686, 0.739496, -1.309970, 0.314536, -1.768778, -1.570755] actual_q=[-1.570746, 0.739496, -1.310066, 0.309395, -1.741766, -1.570923] error_deg=[0.003433, 0.000000, 0.005493, 0.294571, 1.547699, 0.009613] latency_ms=0.050589
seq=1948 operator_q=[1.570837, 0.739467, -1.310062, 0.314467, -1.861199, -0.000273] target_q=[-1.570686, 0.739496, -1.309970, 0.314500, -1.861140, -1.570755] actual_q=[-1.570722, 0.739484, -1.309910, 0.312786, -1.824301, -1.570839] error_deg=[0.002060, 0.000687, 0.003433, 0.098190, 2.110748, 0.004807] latency_ms=0.088677
seq=1973 operator_q=[1.570837, 0.739467, -1.310050, 0.314467, -1.925327, -0.000273] target_q=[-1.570686, 0.739496, -1.309958, 0.314500, -1.925268, -1.570755] actual_q=[-1.570722, 0.739496, -1.309982, 0.313901, -1.898399, -1.570803] error_deg=[0.002060, 0.000000, 0.001373, 0.034332, 1.539459, 0.002747] latency_ms=0.092352
seq=1998 operator_q=[1.570837, 0.739467, -1.310050, 0.314467, -1.974474, -0.000273] target_q=[-1.570686, 0.739496, -1.309958, 0.314500, -1.974415, -1.570755] actual_q=[-1.570710, 0.739496, -1.309898, 0.314536, -1.947319, -1.570755] error_deg=[0.001373, 0.000000, 0.003433, 0.002060, 1.552505, 0.000000] latency_ms=1.245122
seq=2023 operator_q=[1.570837, 0.739503, -1.310074, 0.314467, -2.012980, -0.000273] target_q=[-1.570686, 0.739532, -1.309982, 0.314500, -2.012921, -1.570755] actual_q=[-1.570698, 0.739484, -1.309946, 0.314560, -1.992068, -1.570755] error_deg=[0.000687, 0.002747, 0.002060, 0.003433, 1.194763, 0.000000] latency_ms=0.093886
seq=2048 operator_q=[1.570837, 0.739611, -1.310050, 0.314443, -2.009037, -0.000273] target_q=[-1.570686, 0.739640, -1.309958, 0.314476, -2.008978, -1.570755] actual_q=[-1.570662, 0.739724, -1.309970, 0.314500, -2.005239, -1.570743] error_deg=[0.001373, 0.004807, 0.000687, 0.001373, 0.214233, 0.000687] latency_ms=0.012890
seq=2073 operator_q=[1.570837, 0.739599, -1.310038, 0.314443, -2.009193, -0.000273] target_q=[-1.570686, 0.739628, -1.309946, 0.314476, -2.009134, -1.570755] actual_q=[-1.570662, 0.739604, -1.309946, 0.314488, -2.006221, -1.570755] error_deg=[0.001373, 0.001373, 0.000000, 0.000687, 0.166855, 0.000000] latency_ms=0.104096
seq=2098 operator_q=[1.570837, 0.739599, -1.310014, 0.314455, -1.990150, -0.000273] target_q=[-1.570686, 0.739628, -1.309922, 0.314488, -1.990091, -1.570755] actual_q=[-1.570674, 0.739544, -1.309838, 0.314572, -2.002303, -1.570767] error_deg=[0.000687, 0.004807, 0.004807, 0.004807, 0.699692, 0.000687] latency_ms=0.052195
seq=2124 operator_q=[1.570837, 0.739575, -1.309978, 0.314443, -1.901203, -0.000273] target_q=[-1.570686, 0.739604, -1.309886, 0.314476, -1.901144, -1.570755] actual_q=[-1.570734, 0.739616, -1.309790, 0.314488, -1.946384, -1.570647] error_deg=[0.002747, 0.000687, 0.005493, 0.000687, 2.592087, 0.006180] latency_ms=0.082670
six-joint follow summary commands=1980 state_samples=396 stop_reason=SERVO_J_FAILED active_duration_sec=16.159101 avg_latency_ms=0.766260 max_latency_ms=20.623194 avg_error_deg=[0.002053, 0.011328, 0.177288, 0.663157, 0.441964, 0.002485] max_error_deg=[0.010300, 0.241699, 2.031097, 2.528915, 3.662567, 0.013733] abort_ret=0 servo_disable_ret=0 logout_ret=0
operator sequence=125 rate_hz=120.93 read_ok=125 read_errors=0 sent=125 send_errors=0 powered=1 enabled=1 dragging=0
operator sequence=250 rate_hz=122.00 read_ok=250 read_errors=0 sent=250 send_errors=0 powered=1 enabled=1 dragging=1
operator sequence=375 rate_hz=122.98 read_ok=375 read_errors=0 sent=375 send_errors=0 powered=1 enabled=1 dragging=1
operator sequence=500 rate_hz=122.99 read_ok=500 read_errors=0 sent=500 send_errors=0 powered=1 enabled=1 dragging=1
operator sequence=625 rate_hz=123.39 read_ok=625 read_errors=0 sent=625 send_errors=0 powered=1 enabled=1 dragging=1
operator sequence=750 rate_hz=123.00 read_ok=750 read_errors=0 sent=750 send_errors=0 powered=1 enabled=1 dragging=1
operator sequence=875 rate_hz=123.01 read_ok=875 read_errors=0 sent=875 send_errors=0 powered=1 enabled=1 dragging=1
operator sequence=1000 rate_hz=123.02 read_ok=1000 read_errors=0 sent=1000 send_errors=0 powered=1 enabled=1 dragging=1
operator sequence=1125 rate_hz=123.12 read_ok=1125 read_errors=0 sent=1125 send_errors=0 powered=1 enabled=1 dragging=1
operator sequence=1250 rate_hz=123.02 read_ok=1250 read_errors=0 sent=1250 send_errors=0 powered=1 enabled=1 dragging=1
operator sequence=1375 rate_hz=123.10 read_ok=1375 read_errors=0 sent=1375 send_errors=0 powered=1 enabled=1 dragging=1
operator sequence=1500 rate_hz=123.25 read_ok=1500 read_errors=0 sent=1500 send_errors=0 powered=1 enabled=1 dragging=1
operator sequence=1625 rate_hz=123.25 read_ok=1625 read_errors=0 sent=1625 send_errors=0 powered=1 enabled=1 dragging=1
operator sequence=1750 rate_hz=123.02 read_ok=1750 read_errors=0 sent=1750 send_errors=0 powered=1 enabled=1 dragging=1
operator sequence=1875 rate_hz=123.09 read_ok=1875 read_errors=0 sent=1875 send_errors=0 powered=1 enabled=1 dragging=1
operator sequence=2000 rate_hz=123.20 read_ok=2000 read_errors=0 sent=2000 send_errors=0 powered=1 enabled=1 dragging=1
operator sequence=2125 rate_hz=123.25 read_ok=2125 read_errors=0 sent=2125 send_errors=0 powered=1 enabled=1 dragging=1
operator summary samples=2163 read_ok=2163 read_errors=0 sent=2162 send_errors=1 max_publish_interval_ms=34.326551 max_operator_joint_call_ms=27.304800 max_operator_status_call_ms=19.339651 max_operator_drag_call_ms=5.266512 missed_periods=31 logout_ret=0
operator exit code: 0
six-joint follower exit code: 0
