Six-joint follow test: 192.168.0.101 -> 192.168.0.102
J1-J6 relative motion is 1:1
No automatic robot power-on or robot enable
try to connect: 192.168.0.102
try to connect: 192.168.0.101
connect success
six-joint follower login_ret=0 ip=192.168.0.102
connect success
operator login_ret=0 ip=192.168.0.101
operator zero captured sequence=212
servo_move_enable_ret=0
seq=237 operator_q=[1.570777, 0.785354, -1.571246, -0.000059, -1.570977, -0.000129] target_q=[-1.570746, 0.785360, -1.571262, -0.000158, -1.571002, -1.570887] actual_q=[-1.570698, 0.785252, -1.571622, -0.000265, -1.571026, -1.571078] error_deg=[0.002747, 0.006180, 0.020599, 0.006180, 0.001373, 0.010986] latency_ms=0.102600
seq=262 operator_q=[1.570777, 0.785354, -1.571246, -0.000071, -1.570918, -0.000129] target_q=[-1.570746, 0.785360, -1.571262, -0.000170, -1.570942, -1.570887] actual_q=[-1.570710, 0.785252, -1.571478, -0.000277, -1.570787, -1.571054] error_deg=[0.002060, 0.006180, 0.012360, 0.006180, 0.008926, 0.009613] latency_ms=0.110311
seq=287 operator_q=[1.570777, 0.785354, -1.571222, -0.000071, -1.570091, -0.000117] target_q=[-1.570746, 0.785360, -1.571238, -0.000170, -1.570116, -1.570875] actual_q=[-1.570710, 0.785276, -1.571262, -0.000253, -1.570343, -1.571007] error_deg=[0.002060, 0.004807, 0.001373, 0.004807, 0.013046, 0.007553] latency_ms=0.007633
seq=312 operator_q=[1.570777, 0.785354, -1.571222, -0.000071, -1.538872, -0.000117] target_q=[-1.570746, 0.785360, -1.571238, -0.000170, -1.538897, -1.570875] actual_q=[-1.570710, 0.785300, -1.571154, -0.000241, -1.550306, -1.570791] error_deg=[0.002060, 0.003433, 0.004807, 0.004120, 0.653687, 0.004807] latency_ms=0.091631
seq=337 operator_q=[1.570777, 0.785354, -1.571222, -0.000083, -1.492169, -0.000117] target_q=[-1.570746, 0.785360, -1.571238, -0.000182, -1.492194, -1.570875] actual_q=[-1.570722, 0.785324, -1.571166, -0.000182, -1.502752, -1.570791] error_deg=[0.001373, 0.002060, 0.004120, 0.000000, 0.604935, 0.004807] latency_ms=0.054129
seq=362 operator_q=[1.570777, 0.785354, -1.571234, -0.000071, -1.466607, -0.000129] target_q=[-1.570746, 0.785360, -1.571250, -0.000170, -1.466632, -1.570887] actual_q=[-1.570722, 0.785348, -1.571166, 0.000034, -1.466644, -1.570995] error_deg=[0.001373, 0.000687, 0.004807, 0.011673, 0.000687, 0.006180] latency_ms=0.102493
seq=387 operator_q=[1.570777, 0.785354, -1.571402, -0.000071, -1.501733, -0.000129] target_q=[-1.570746, 0.785360, -1.571418, -0.000170, -1.501758, -1.570887] actual_q=[-1.570746, 0.785384, -1.571490, 0.000010, -1.482343, -1.570911] error_deg=[0.000000, 0.001373, 0.004120, 0.010300, 1.112366, 0.001373] latency_ms=0.112511
seq=412 operator_q=[1.570777, 0.785354, -1.571509, -0.000071, -1.576550, -0.000129] target_q=[-1.570746, 0.785360, -1.571526, -0.000170, -1.576575, -1.570887] actual_q=[-1.570746, 0.785432, -1.571598, -0.000062, -1.551648, -1.570911] error_deg=[0.000000, 0.004120, 0.004120, 0.006180, 1.428223, 0.001373] latency_ms=0.103990
seq=437 operator_q=[1.570777, 0.785354, -1.571497, -0.000071, -1.602784, -0.000117] target_q=[-1.570746, 0.785360, -1.571514, -0.000170, -1.602809, -1.570875] actual_q=[-1.570746, 0.785432, -1.571466, -0.000086, -1.601179, -1.570779] error_deg=[0.000000, 0.004120, 0.002747, 0.004807, 0.093384, 0.005493] latency_ms=0.123027
seq=462 operator_q=[1.570777, 0.785354, -1.571461, -0.000071, -1.553241, -0.000117] target_q=[-1.570746, 0.785360, -1.571478, -0.000170, -1.553266, -1.570875] actual_q=[-1.570746, 0.785432, -1.571322, -0.000098, -1.574490, -1.570791] error_deg=[0.000000, 0.004120, 0.008926, 0.004120, 1.216049, 0.004807] latency_ms=0.063951
seq=487 operator_q=[1.570777, 0.785354, -1.571461, -0.000071, -1.467973, -0.000117] target_q=[-1.570746, 0.785360, -1.571478, -0.000170, -1.467998, -1.570875] actual_q=[-1.570746, 0.785432, -1.571334, -0.000110, -1.488072, -1.570791] error_deg=[0.000000, 0.004120, 0.008240, 0.003433, 1.150131, 0.004807] latency_ms=0.104069
seq=512 operator_q=[1.570777, 0.785354, -1.571581, -0.000071, -1.460759, -0.000129] target_q=[-1.570746, 0.785360, -1.571598, -0.000170, -1.460783, -1.570887] actual_q=[-1.570746, 0.785420, -1.571681, -0.000122, -1.455211, -1.570971] error_deg=[0.000000, 0.003433, 0.004807, 0.002747, 0.319290, 0.004807] latency_ms=0.093898
seq=537 operator_q=[1.570777, 0.785342, -1.571653, -0.000071, -1.516881, -0.000129] target_q=[-1.570746, 0.785348, -1.571669, -0.000170, -1.516906, -1.570887] actual_q=[-1.570746, 0.785252, -1.571753, -0.000158, -1.498390, -1.570959] error_deg=[0.000000, 0.005493, 0.004807, 0.000687, 1.060867, 0.004120] latency_ms=0.090991
seq=562 operator_q=[1.570777, 0.785342, -1.571641, -0.000071, -1.564206, -0.000117] target_q=[-1.570746, 0.785348, -1.571657, -0.000170, -1.564231, -1.570875] actual_q=[-1.570746, 0.785216, -1.571610, -0.000206, -1.559953, -1.570731] error_deg=[0.000000, 0.007553, 0.002747, 0.002060, 0.245132, 0.008240] latency_ms=0.047415
seq=587 operator_q=[1.570801, 0.785354, -1.571641, 0.000157, -1.562876, -0.000117] target_q=[-1.570722, 0.785360, -1.571657, 0.000058, -1.562901, -1.570875] actual_q=[-1.570686, 0.785276, -1.571622, 0.000070, -1.562014, -1.570767] error_deg=[0.002060, 0.004807, 0.002060, 0.000687, 0.050812, 0.006180] latency_ms=0.057976
seq=612 operator_q=[1.570861, 0.785354, -1.571641, 0.026343, -1.563044, -0.000117] target_q=[-1.570662, 0.785360, -1.571657, 0.026244, -1.563069, -1.570875] actual_q=[-1.570614, 0.785360, -1.571622, 0.010149, -1.563093, -1.570779] error_deg=[0.002747, 0.000000, 0.002060, 0.922165, 0.001373, 0.005493] latency_ms=0.093864
seq=637 operator_q=[1.570921, 0.785354, -1.571641, 0.101016, -1.563116, -0.000117] target_q=[-1.570602, 0.785360, -1.571657, 0.100917, -1.563141, -1.570875] actual_q=[-1.570590, 0.785360, -1.571622, 0.077668, -1.563153, -1.570791] error_deg=[0.000687, 0.000000, 0.002060, 1.332092, 0.000687, 0.004807] latency_ms=0.128909
seq=663 operator_q=[1.570921, 0.785354, -1.571641, 0.146880, -1.563883, -0.000129] target_q=[-1.570602, 0.785360, -1.571657, 0.146781, -1.563908, -1.570887] actual_q=[-1.570686, 0.785348, -1.571633, 0.137313, -1.563608, -1.570803] error_deg=[0.004807, 0.000687, 0.001373, 0.542450, 0.017166, 0.004807] latency_ms=0.238320
seq=688 operator_q=[1.570741, 0.785342, -1.571641, 0.137328, -1.563883, -0.000129] target_q=[-1.570782, 0.785348, -1.571657, 0.137230, -1.563908, -1.570887] actual_q=[-1.570938, 0.785288, -1.571633, 0.140537, -1.563512, -1.570995] error_deg=[0.008926, 0.003433, 0.001373, 0.189514, 0.022659, 0.006180] latency_ms=0.100117
seq=713 operator_q=[1.570681, 0.785342, -1.571641, 0.048849, -1.563847, -0.000141] target_q=[-1.570842, 0.785348, -1.571657, 0.048750, -1.563872, -1.570899] actual_q=[-1.570806, 0.785348, -1.571645, 0.084139, -1.563800, -1.570995] error_deg=[0.002060, 0.000000, 0.000687, 2.027664, 0.004120, 0.005493] latency_ms=0.092282
seq=739 operator_q=[1.570681, 0.785342, -1.571641, -0.042519, -1.563859, -0.000141] target_q=[-1.570842, 0.785348, -1.571657, -0.042618, -1.563884, -1.570899] actual_q=[-1.570710, 0.785324, -1.571633, -0.009625, -1.564004, -1.570947] error_deg=[0.007553, 0.001373, 0.001373, 1.890335, 0.006866, 0.002747] latency_ms=2.362777
seq=765 operator_q=[1.570681, 0.785354, -1.571617, -0.067841, -1.561306, -0.000129] target_q=[-1.570842, 0.785360, -1.571633, -0.067940, -1.561331, -1.570887] actual_q=[-1.570818, 0.785372, -1.571622, -0.060774, -1.563213, -1.570923] error_deg=[0.001373, 0.000687, 0.000687, 0.410614, 0.107803, 0.002060] latency_ms=6.128384
seq=790 operator_q=[1.570681, 0.785354, -1.571426, -0.067853, -1.513453, -0.000141] target_q=[-1.570842, 0.785360, -1.571442, -0.067952, -1.513478, -1.570899] actual_q=[-1.570818, 0.785408, -1.571394, -0.064789, -1.533552, -1.570851] error_deg=[0.001373, 0.002747, 0.002747, 0.181274, 1.150131, 0.002747] latency_ms=0.110336
seq=815 operator_q=[1.570693, 0.785354, -1.571426, -0.067853, -1.457834, -0.000141] target_q=[-1.570830, 0.785360, -1.571442, -0.067952, -1.457859, -1.570899] actual_q=[-1.570818, 0.785396, -1.571502, -0.067257, -1.465745, -1.570851] error_deg=[0.000687, 0.002060, 0.003433, 0.039825, 0.451813, 0.002747] latency_ms=0.116143
seq=840 operator_q=[1.570693, 0.785354, -1.571437, -0.067853, -1.458050, -0.000141] target_q=[-1.570830, 0.785360, -1.571454, -0.067952, -1.458075, -1.570899] actual_q=[-1.570746, 0.785396, -1.571574, -0.068048, -1.458878, -1.570851] error_deg=[0.004807, 0.002060, 0.006866, 0.005493, 0.046005, 0.002747] latency_ms=5.268666
seq=867 operator_q=[1.570681, 0.785330, -1.571449, -0.067877, -1.456852, -0.000141] target_q=[-1.570842, 0.785336, -1.571466, -0.067976, -1.456877, -1.570899] actual_q=[-1.571022, 0.785252, -1.571562, -0.068360, -1.457943, -1.570863] error_deg=[0.010300, 0.004807, 0.005493, 0.021973, 0.061111, 0.002060] latency_ms=0.107654
seq=892 operator_q=[1.570681, 0.785294, -1.571497, -0.067865, -1.433099, -0.000141] target_q=[-1.570842, 0.785300, -1.571514, -0.067964, -1.433124, -1.570899] actual_q=[-1.570974, 0.785072, -1.571514, -0.068204, -1.434766, -1.570779] error_deg=[0.007553, 0.013046, 0.000000, 0.013733, 0.094070, 0.006866] latency_ms=1.176305
seq=918 operator_q=[1.570693, 0.784000, -1.592206, -0.067841, -1.433482, -0.000129] target_q=[-1.570830, 0.784006, -1.592222, -0.067940, -1.433507, -1.570887] actual_q=[-1.570710, 0.784928, -1.580885, -0.067785, -1.433543, -1.570803] error_deg=[0.006866, 0.052872, 0.649567, 0.008926, 0.002060, 0.004807] latency_ms=6.876055
seq=943 operator_q=[1.570693, 0.757946, -1.639903, -0.067853, -1.396116, -0.000129] target_q=[-1.570830, 0.757952, -1.639920, -0.067952, -1.396141, -1.570887] actual_q=[-1.570830, 0.766892, -1.626977, -0.067952, -1.417137, -1.570839] error_deg=[0.000000, 0.512238, 0.741577, 0.000000, 1.203003, 0.002747] latency_ms=0.083876
seq=968 operator_q=[1.570693, 0.727399, -1.663428, -0.067853, -1.325409, -0.000129] target_q=[-1.570830, 0.727404, -1.663445, -0.067952, -1.325434, -1.570887] actual_q=[-1.570830, 0.734403, -1.658591, -0.067916, -1.340965, -1.570839] error_deg=[0.000000, 0.401001, 0.278091, 0.002060, 0.889893, 0.002747] latency_ms=0.113879
seq=993 operator_q=[1.570693, 0.698469, -1.675437, -0.067853, -1.299846, -0.000129] target_q=[-1.570830, 0.698474, -1.675453, -0.067952, -1.299871, -1.570887] actual_q=[-1.570830, 0.707031, -1.669640, -0.067916, -1.306151, -1.570851] error_deg=[0.000000, 0.490265, 0.333023, 0.002060, 0.359802, 0.002060] latency_ms=0.008954
seq=1018 operator_q=[1.570693, 0.653408, -1.696037, -0.067853, -1.256427, -0.000129] target_q=[-1.570830, 0.653413, -1.696054, -0.067952, -1.256452, -1.570887] actual_q=[-1.570830, 0.664798, -1.691320, -0.067952, -1.268461, -1.570863] error_deg=[0.000000, 0.652313, 0.271225, 0.000000, 0.688019, 0.001373] latency_ms=0.092206
seq=1043 operator_q=[1.570693, 0.612003, -1.712240, -0.067841, -1.209509, -0.000129] target_q=[-1.570830, 0.612008, -1.712256, -0.067940, -1.209534, -1.570887] actual_q=[-1.570818, 0.623621, -1.708074, -0.067904, -1.222357, -1.570863] error_deg=[0.000687, 0.665359, 0.239639, 0.002060, 0.734711, 0.001373] latency_ms=0.927627
seq=1069 operator_q=[1.570693, 0.567086, -1.725555, -0.067841, -1.178278, -0.000129] target_q=[-1.570830, 0.567091, -1.725571, -0.067940, -1.178303, -1.570887] actual_q=[-1.570842, 0.579830, -1.721101, -0.067964, -1.189688, -1.570899] error_deg=[0.000687, 0.729904, 0.256119, 0.001373, 0.652313, 0.000687] latency_ms=0.920157
seq=1094 operator_q=[1.570693, 0.527574, -1.736340, -0.067841, -1.157450, -0.000129] target_q=[-1.570830, 0.527579, -1.736357, -0.067940, -1.157475, -1.570887] actual_q=[-1.570842, 0.537178, -1.733169, -0.067964, -1.165097, -1.570899] error_deg=[0.000687, 0.550003, 0.182648, 0.001373, 0.436707, 0.000687] latency_ms=0.051003
seq=1121 operator_q=[1.570693, 0.509717, -1.737934, -0.067841, -1.121054, -0.000129] target_q=[-1.570830, 0.509723, -1.737951, -0.067940, -1.121079, -1.570887] actual_q=[-1.570830, 0.512323, -1.737687, -0.067952, -1.131493, -1.570911] error_deg=[0.000000, 0.149002, 0.015106, 0.000687, 0.596695, 0.001373] latency_ms=0.054213
seq=1146 operator_q=[1.570693, 0.492736, -1.737946, -0.067841, -1.090985, -0.000129] target_q=[-1.570830, 0.492741, -1.737963, -0.067940, -1.091010, -1.570887] actual_q=[-1.570830, 0.499860, -1.737831, -0.067952, -1.096775, -1.570911] error_deg=[0.000000, 0.407867, 0.007553, 0.000687, 0.330276, 0.001373] latency_ms=0.053624
seq=1171 operator_q=[1.570693, 0.464621, -1.737946, -0.067841, -1.070085, -0.000129] target_q=[-1.570830, 0.464626, -1.737963, -0.067940, -1.070110, -1.570887] actual_q=[-1.570830, 0.470846, -1.737843, -0.067952, -1.075634, -1.570899] error_deg=[0.000000, 0.356369, 0.006866, 0.000687, 0.316544, 0.000687] latency_ms=0.087752
seq=1196 operator_q=[1.570693, 0.445937, -1.737946, -0.067841, -1.048825, -0.000129] target_q=[-1.570830, 0.445943, -1.737963, -0.067940, -1.048850, -1.570887] actual_q=[-1.570830, 0.450521, -1.737879, -0.067952, -1.052972, -1.570899] error_deg=[0.000000, 0.262299, 0.004807, 0.000687, 0.236206, 0.000687] latency_ms=0.087037
seq=1221 operator_q=[1.570693, 0.418134, -1.737946, -0.067841, -1.035654, -0.000129] target_q=[-1.570830, 0.418139, -1.737963, -0.067940, -1.035679, -1.570887] actual_q=[-1.570830, 0.425521, -1.737903, -0.067952, -1.039107, -1.570899] error_deg=[0.000000, 0.422974, 0.003433, 0.000687, 0.196381, 0.000687] latency_ms=2.599993
seq=1246 operator_q=[1.570693, 0.386316, -1.737946, -0.067841, -1.021669, -0.000129] target_q=[-1.570830, 0.386321, -1.737963, -0.067940, -1.021693, -1.570887] actual_q=[-1.570830, 0.394674, -1.738178, -0.067952, -1.026104, -1.570887] error_deg=[0.000000, 0.478592, 0.012360, 0.000687, 0.252686, 0.000000] latency_ms=0.101026
seq=1271 operator_q=[1.570693, 0.353095, -1.737946, -0.067841, -1.008462, -0.000129] target_q=[-1.570830, 0.353101, -1.737963, -0.067940, -1.008487, -1.570887] actual_q=[-1.570830, 0.365984, -1.737879, -0.067928, -1.013352, -1.570875] error_deg=[0.000000, 0.738144, 0.004807, 0.000687, 0.278778, 0.000687] latency_ms=0.103809
seq=1297 operator_q=[1.570693, 0.327797, -1.737946, -0.067841, -0.988388, -0.000129] target_q=[-1.570830, 0.327802, -1.737963, -0.067940, -0.988413, -1.570887] actual_q=[-1.570830, 0.336095, -1.737951, -0.067928, -0.993063, -1.570875] error_deg=[0.000000, 0.475159, 0.000687, 0.000687, 0.266418, 0.000687] latency_ms=0.052007
seq=1322 operator_q=[1.570693, 0.307172, -1.737946, -0.067841, -0.969070, -0.000129] target_q=[-1.570830, 0.307177, -1.737963, -0.067940, -0.969095, -1.570887] actual_q=[-1.570830, 0.314979, -1.737963, -0.067940, -0.975207, -1.570875] error_deg=[0.000000, 0.447006, 0.000000, 0.000000, 0.350189, 0.000687] latency_ms=0.007109
seq=1347 operator_q=[1.570693, 0.289291, -1.737946, -0.067841, -0.949691, -0.000129] target_q=[-1.570830, 0.289297, -1.737963, -0.067940, -0.949716, -1.570887] actual_q=[-1.570830, 0.294198, -1.737963, -0.067940, -0.953815, -1.570875] error_deg=[0.000000, 0.280838, 0.000000, 0.000000, 0.234833, 0.000687] latency_ms=0.053132
seq=1373 operator_q=[1.570693, 0.273328, -1.737946, -0.067841, -0.929666, -0.000129] target_q=[-1.570830, 0.273334, -1.737963, -0.067940, -0.929691, -1.570887] actual_q=[-1.570830, 0.277372, -1.737951, -0.067940, -0.934209, -1.570875] error_deg=[0.000000, 0.231400, 0.000687, 0.000000, 0.258865, 0.000687] latency_ms=3.672683
seq=1399 operator_q=[1.570693, 0.264784, -1.737946, -0.067841, -0.917094, -0.000129] target_q=[-1.570830, 0.264789, -1.737963, -0.067940, -0.917119, -1.570887] actual_q=[-1.570830, 0.266563, -1.737951, -0.067940, -0.918677, -1.570875] error_deg=[0.000000, 0.101624, 0.000687, 0.000000, 0.089264, 0.000687] latency_ms=0.748651
seq=1424 operator_q=[1.570693, 0.264424, -1.737934, -0.067829, -0.917298, -0.000129] target_q=[-1.570830, 0.264429, -1.737951, -0.067928, -0.917323, -1.570887] actual_q=[-1.570830, 0.264549, -1.737915, -0.067833, -0.917610, -1.570875] error_deg=[0.000000, 0.006866, 0.002060, 0.005493, 0.016479, 0.000687] latency_ms=0.095116
seq=1449 operator_q=[1.570693, 0.275078, -1.727616, -0.067829, -0.917669, -0.000129] target_q=[-1.570830, 0.275083, -1.727632, -0.067928, -0.917694, -1.570887] actual_q=[-1.570830, 0.267665, -1.733049, -0.067892, -0.917694, -1.570875] error_deg=[0.000000, 0.425034, 0.310364, 0.002060, 0.000000, 0.000687] latency_ms=0.072528
seq=1474 operator_q=[1.570693, 0.323303, -1.708801, -0.067817, -0.943627, -0.000129] target_q=[-1.570830, 0.323308, -1.708817, -0.067916, -0.943652, -1.570887] actual_q=[-1.570830, 0.305919, -1.712065, -0.067844, -0.929798, -1.570887] error_deg=[0.000000, 0.996323, 0.186081, 0.004120, 0.793762, 0.000000] latency_ms=0.090955
seq=1499 operator_q=[1.570693, 0.380851, -1.697524, -0.067817, -0.991648, -0.000129] target_q=[-1.570830, 0.380856, -1.697540, -0.067916, -0.991673, -1.570887] actual_q=[-1.570830, 0.359728, -1.701794, -0.067916, -0.978610, -1.570863] error_deg=[0.000000, 1.210556, 0.243759, 0.000000, 0.748444, 0.001373] latency_ms=0.057427
seq=1524 operator_q=[1.570693, 0.437596, -1.680206, -0.067817, -1.046200, -0.000129] target_q=[-1.570830, 0.437602, -1.680223, -0.067916, -1.046225, -1.570887] actual_q=[-1.570830, 0.419314, -1.684046, -0.067928, -1.027458, -1.570863] error_deg=[0.000000, 1.047821, 0.219040, 0.000687, 1.075287, 0.001373] latency_ms=0.099019
seq=1551 operator_q=[1.570693, 0.484167, -1.678325, -0.067817, -1.133254, -0.000129] target_q=[-1.570830, 0.484172, -1.678341, -0.067916, -1.133279, -1.570887] actual_q=[-1.570830, 0.468737, -1.678473, -0.067916, -1.104804, -1.570863] error_deg=[0.000000, 0.884399, 0.007553, 0.000000, 1.631470, 0.001373] latency_ms=0.189823
seq=1580 operator_q=[1.570693, 0.524098, -1.678325, -0.067817, -1.216256, -0.000129] target_q=[-1.570830, 0.524104, -1.678341, -0.067916, -1.216281, -1.570887] actual_q=[-1.570830, 0.512299, -1.678281, -0.067904, -1.195537, -1.570887] error_deg=[0.000000, 0.676346, 0.003433, 0.000687, 1.188583, 0.000000] latency_ms=0.710666
seq=1605 operator_q=[1.570693, 0.552657, -1.678325, -0.067817, -1.276046, -0.000129] target_q=[-1.570830, 0.552662, -1.678341, -0.067916, -1.276071, -1.570887] actual_q=[-1.570830, 0.543650, -1.678329, -0.067916, -1.255398, -1.570875] error_deg=[0.000000, 0.516357, 0.000687, 0.000000, 1.184463, 0.000687] latency_ms=0.052679
seq=1630 operator_q=[1.570693, 0.575858, -1.678325, -0.067817, -1.335607, -0.000117] target_q=[-1.570830, 0.575864, -1.678341, -0.067916, -1.335632, -1.570875] actual_q=[-1.570830, 0.571226, -1.678317, -0.067916, -1.317093, -1.570779] error_deg=[0.000000, 0.265732, 0.001373, 0.000000, 1.062241, 0.005493] latency_ms=0.116561
seq=1656 operator_q=[1.570693, 0.590527, -1.678313, -0.067817, -1.388194, -0.000117] target_q=[-1.570830, 0.590532, -1.678329, -0.067916, -1.388219, -1.570875] actual_q=[-1.570830, 0.585703, -1.678305, -0.067904, -1.376894, -1.570815] error_deg=[0.000000, 0.276718, 0.001373, 0.000687, 0.648880, 0.003433] latency_ms=0.089259
seq=1681 operator_q=[1.570693, 0.595596, -1.678313, -0.067770, -1.369858, -0.000129] target_q=[-1.570830, 0.595602, -1.678329, -0.067868, -1.369883, -1.570887] actual_q=[-1.570830, 0.595410, -1.678305, -0.067821, -1.379303, -1.571007] error_deg=[0.000000, 0.010986, 0.001373, 0.002747, 0.539703, 0.006866] latency_ms=0.023073
seq=1706 operator_q=[1.570717, 0.595440, -1.678325, -0.067386, -1.291709, -0.000141] target_q=[-1.570806, 0.595446, -1.678341, -0.067485, -1.291734, -1.570899] actual_q=[-1.570746, 0.595290, -1.678341, -0.067401, -1.315523, -1.571031] error_deg=[0.003433, 0.008926, 0.000000, 0.004807, 1.362991, 0.007553] latency_ms=0.917424
seq=1731 operator_q=[1.570741, 0.595177, -1.678325, -0.035089, -1.200545, -0.000177] target_q=[-1.570782, 0.595182, -1.678341, -0.035187, -1.200570, -1.570935] actual_q=[-1.570710, 0.595146, -1.678341, -0.053583, -1.227079, -1.571019] error_deg=[0.004120, 0.002060, 0.000000, 1.054001, 1.518860, 0.004807] latency_ms=1.680246
seq=1756 operator_q=[1.570777, 0.593283, -1.678337, 0.049232, -1.124146, -0.000285] target_q=[-1.570746, 0.593289, -1.678353, 0.049134, -1.124171, -1.571042] actual_q=[-1.570866, 0.594283, -1.678521, 0.014415, -1.155449, -1.571019] error_deg=[0.006866, 0.056992, 0.009613, 1.989212, 1.792145, 0.001373] latency_ms=0.051616
seq=1781 operator_q=[1.570861, 0.581479, -1.678337, 0.123151, -1.074435, -0.000297] target_q=[-1.570662, 0.581484, -1.678353, 0.123052, -1.074460, -1.571054] actual_q=[-1.570518, 0.583042, -1.678365, 0.100210, -1.090507, -1.571078] error_deg=[0.008240, 0.089264, 0.000687, 1.308746, 0.919418, 0.001373] latency_ms=0.084824
seq=1806 operator_q=[1.570897, 0.580832, -1.678337, 0.182257, -1.067197, -0.000309] target_q=[-1.570626, 0.580837, -1.678353, 0.182158, -1.067222, -1.571066] actual_q=[-1.570614, 0.580957, -1.678353, 0.153061, -1.071488, -1.571066] error_deg=[0.000687, 0.006866, 0.000000, 1.667175, 0.244446, 0.000000] latency_ms=0.092533
seq=1831 operator_q=[1.570897, 0.580832, -1.678337, 0.240165, -1.072218, -0.000309] target_q=[-1.570626, 0.580837, -1.678353, 0.240066, -1.072243, -1.571066] actual_q=[-1.570638, 0.580957, -1.678353, 0.219058, -1.071164, -1.571066] error_deg=[0.000687, 0.006866, 0.000000, 1.203690, 0.061798, 0.000000] latency_ms=3.324683
seq=1856 operator_q=[1.570897, 0.580832, -1.678337, 0.263714, -1.072901, -0.002646] target_q=[-1.570626, 0.580837, -1.678353, 0.263615, -1.072926, -1.573403] actual_q=[-1.570638, 0.580933, -1.678341, 0.260523, -1.072566, -1.572097] error_deg=[0.000687, 0.005493, 0.000687, 0.177155, 0.020599, 0.074844] latency_ms=0.636993
seq=1882 operator_q=[1.570885, 0.580832, -1.678337, 0.263486, -1.072386, -0.003808] target_q=[-1.570638, 0.580837, -1.678353, 0.263387, -1.072411, -1.574566] actual_q=[-1.570782, 0.580921, -1.678341, 0.261254, -1.072303, -1.574314] error_deg=[0.008240, 0.004807, 0.000687, 0.122223, 0.006180, 0.014420] latency_ms=0.104639
seq=1908 operator_q=[1.570873, 0.580832, -1.678337, 0.262815, -1.072386, -0.003796] target_q=[-1.570650, 0.580837, -1.678353, 0.262716, -1.072411, -1.574554] actual_q=[-1.570674, 0.580897, -1.678341, 0.262465, -1.072638, -1.574278] error_deg=[0.001373, 0.003433, 0.000687, 0.014420, 0.013046, 0.015793] latency_ms=0.060649
seq=1933 operator_q=[1.570873, 0.580832, -1.678325, 0.251406, -1.067820, -0.003760] target_q=[-1.570650, 0.580837, -1.678341, 0.251307, -1.067845, -1.574518] actual_q=[-1.570722, 0.580873, -1.678401, 0.253812, -1.070925, -1.574362] error_deg=[0.004120, 0.002060, 0.003433, 0.143509, 0.176468, 0.008926] latency_ms=0.013122
seq=1958 operator_q=[1.570873, 0.580832, -1.678325, 0.251203, -1.065099, -0.003748] target_q=[-1.570650, 0.580837, -1.678341, 0.251104, -1.065124, -1.574506] actual_q=[-1.570698, 0.580861, -1.678389, 0.251571, -1.065795, -1.574422] error_deg=[0.002747, 0.001373, 0.002747, 0.026779, 0.038452, 0.004807] latency_ms=0.096061
seq=1983 operator_q=[1.570873, 0.580832, -1.678325, 0.251203, -1.065147, -0.003748] target_q=[-1.570650, 0.580837, -1.678341, 0.251104, -1.065172, -1.574506] actual_q=[-1.570662, 0.580849, -1.678389, 0.251271, -1.065580, -1.574446] error_deg=[0.000687, 0.000687, 0.002747, 0.009613, 0.023346, 0.003433] latency_ms=0.103100
seq=2009 operator_q=[1.570873, 0.580832, -1.678325, 0.251179, -1.065195, -0.003760] target_q=[-1.570650, 0.580837, -1.678341, 0.251080, -1.065220, -1.574518] actual_q=[-1.570638, 0.580837, -1.678377, 0.250876, -1.065412, -1.574722] error_deg=[0.000687, 0.000000, 0.002060, 0.011673, 0.010986, 0.011673] latency_ms=0.047121
seq=2034 operator_q=[1.570873, 0.580868, -1.678325, 0.246205, -1.065135, -0.003784] target_q=[-1.570650, 0.580873, -1.678341, 0.246106, -1.065160, -1.574542] actual_q=[-1.570638, 0.580597, -1.678329, 0.250373, -1.064933, -1.574794] error_deg=[0.000687, 0.015793, 0.000687, 0.244446, 0.013046, 0.014420] latency_ms=2.790450
seq=2060 operator_q=[1.570885, 0.580820, -1.678325, 0.164880, -1.065063, -0.003772] target_q=[-1.570638, 0.580825, -1.678341, 0.164781, -1.065088, -1.574530] actual_q=[-1.570518, 0.580430, -1.678233, 0.208967, -1.064921, -1.574662] error_deg=[0.006866, 0.022659, 0.006180, 2.531662, 0.009613, 0.007553] latency_ms=0.093688
seq=2085 operator_q=[1.571029, 0.580808, -1.678325, 0.102658, -1.048741, -0.003784] target_q=[-1.570494, 0.580813, -1.678341, 0.102559, -1.048766, -1.574542] actual_q=[-1.570422, 0.580430, -1.678233, 0.124514, -1.059743, -1.574542] error_deg=[0.004120, 0.021973, 0.006180, 1.257935, 0.628967, 0.000000] latency_ms=0.093860
seq=2110 operator_q=[1.597310, 0.580772, -1.678337, 0.091417, -1.000061, -0.003856] target_q=[-1.544213, 0.580777, -1.678353, 0.091318, -1.000086, -1.574614] actual_q=[-1.556161, 0.580585, -1.678413, 0.095788, -1.016025, -1.574722] error_deg=[0.684586, 0.010986, 0.003433, 0.256119, 0.913239, 0.006180] latency_ms=0.063544
seq=2135 operator_q=[1.631250, 0.580772, -1.678373, 0.089044, -0.979748, -0.004060] target_q=[-1.510274, 0.580777, -1.678389, 0.088945, -0.979773, -1.574818] actual_q=[-1.515810, 0.580717, -1.678437, 0.092492, -0.981319, -1.575045] error_deg=[0.317230, 0.003433, 0.002747, 0.203247, 0.088577, 0.013046] latency_ms=0.092373
seq=2160 operator_q=[1.639519, 0.580772, -1.678481, 0.004783, -0.979772, -0.004060] target_q=[-1.502005, 0.580777, -1.678497, 0.004684, -0.979797, -1.574818] actual_q=[-1.503718, 0.580717, -1.678533, 0.037269, -0.981115, -1.574806] error_deg=[0.098190, 0.003433, 0.002060, 1.866989, 0.075531, 0.000687] latency_ms=0.005324
seq=2185 operator_q=[1.640178, 0.580760, -1.678517, -0.074577, -0.979760, -0.004060] target_q=[-1.501345, 0.580765, -1.678533, -0.074675, -0.979785, -1.574818] actual_q=[-1.501753, 0.580717, -1.678533, -0.061049, -0.980156, -1.574806] error_deg=[0.023346, 0.002747, 0.000000, 0.780716, 0.021286, 0.000687] latency_ms=0.056771
seq=2210 operator_q=[1.658106, 0.580760, -1.678517, -0.086633, -0.979592, -0.004060] target_q=[-1.483417, 0.580765, -1.678533, -0.086732, -0.979617, -1.574818] actual_q=[-1.494227, 0.580753, -1.678509, -0.086132, -0.979018, -1.574806] error_deg=[0.619354, 0.000687, 0.001373, 0.034332, 0.034332, 0.000687] latency_ms=0.053197
seq=2235 operator_q=[1.703502, 0.580760, -1.678517, -0.086633, -0.979592, -0.004060] target_q=[-1.438021, 0.580765, -1.678533, -0.086732, -0.979617, -1.574818] actual_q=[-1.451215, 0.580765, -1.678509, -0.086144, -0.979341, -1.574806] error_deg=[0.755997, 0.000000, 0.001373, 0.033646, 0.015793, 0.000687] latency_ms=0.063509
seq=2260 operator_q=[1.750996, 0.580760, -1.678517, -0.086633, -0.979568, -0.004048] target_q=[-1.390527, 0.580765, -1.678533, -0.086732, -0.979593, -1.574806] actual_q=[-1.408384, 0.580945, -1.678425, -0.086672, -0.979449, -1.574566] error_deg=[1.023102, 0.010300, 0.006180, 0.003433, 0.008240, 0.013733] latency_ms=5.439205
seq=2287 operator_q=[1.781364, 0.580748, -1.678517, -0.086633, -0.979580, -0.004048] target_q=[-1.360159, 0.580753, -1.678533, -0.086732, -0.979605, -1.574806] actual_q=[-1.368344, 0.580885, -1.678497, -0.086744, -0.979629, -1.574626] error_deg=[0.468979, 0.007553, 0.002060, 0.000687, 0.001373, 0.010300] latency_ms=0.097451
seq=2312 operator_q=[1.794990, 0.580628, -1.678517, -0.086621, -0.978753, -0.004048] target_q=[-1.346533, 0.580633, -1.678533, -0.086720, -0.978778, -1.574806] actual_q=[-1.353089, 0.580657, -1.678509, -0.086696, -0.979365, -1.574710] error_deg=[0.375595, 0.001373, 0.001373, 0.001373, 0.033646, 0.005493] latency_ms=0.094454
seq=2337 operator_q=[1.819342, 0.577560, -1.678564, -0.086621, -0.940571, -0.004048] target_q=[-1.322181, 0.577565, -1.678581, -0.086720, -0.940596, -1.574806] actual_q=[-1.326591, 0.580250, -1.678665, -0.086708, -0.950687, -1.574770] error_deg=[0.252686, 0.153809, 0.004807, 0.000687, 0.578156, 0.002060] latency_ms=0.110546
seq=2362 operator_q=[1.821128, 0.532835, -1.678552, -0.086621, -0.899537, -0.004036] target_q=[-1.320396, 0.532840, -1.678569, -0.086720, -0.899562, -1.574794] actual_q=[-1.321234, 0.552878, -1.678509, -0.086672, -0.911858, -1.574865] error_deg=[0.048065, 1.148071, 0.003433, 0.002747, 0.704498, 0.004120] latency_ms=0.109349
seq=2387 operator_q=[1.821140, 0.501760, -1.678541, -0.086549, -0.862099, -0.004024] target_q=[-1.320384, 0.501765, -1.678557, -0.086648, -0.862124, -1.574782] actual_q=[-1.320587, 0.512191, -1.678617, -0.086564, -0.873724, -1.574806] error_deg=[0.011673, 0.597382, 0.003433, 0.004807, 0.664673, 0.001373] latency_ms=0.102691
seq=2412 operator_q=[1.830284, 0.480931, -1.678541, -0.086357, -0.812448, -0.004012] target_q=[-1.311240, 0.480936, -1.678557, -0.086456, -0.812473, -1.574770] actual_q=[-1.318454, 0.488990, -1.678569, -0.086372, -0.830078, -1.574806] error_deg=[0.413361, 0.461426, 0.000687, 0.004807, 1.008682, 0.002060] latency_ms=1.511089
seq=2437 operator_q=[1.882019, 0.454626, -1.678541, -0.086369, -0.782212, -0.004012] target_q=[-1.259504, 0.454631, -1.678557, -0.086468, -0.782237, -1.574770] actual_q=[-1.288026, 0.461606, -1.678605, -0.086756, -0.790997, -1.574806] error_deg=[1.634216, 0.399628, 0.002747, 0.016479, 0.501938, 0.002060] latency_ms=0.111924
seq=2462 operator_q=[1.919806, 0.428776, -1.678541, -0.086369, -0.754288, -0.004012] target_q=[-1.221717, 0.428781, -1.678557, -0.086468, -0.754313, -1.574770] actual_q=[-1.245314, 0.436858, -1.678629, -0.086456, -0.764129, -1.574794] error_deg=[1.352005, 0.462799, 0.004120, 0.000687, 0.562363, 0.001373] latency_ms=0.107567
seq=2487 operator_q=[1.942132, 0.405059, -1.678541, -0.086381, -0.719354, -0.004000] target_q=[-1.199391, 0.405064, -1.678557, -0.086480, -0.719379, -1.574758] actual_q=[-1.208079, 0.410985, -1.678569, -0.086588, -0.730177, -1.574746] error_deg=[0.497818, 0.339203, 0.000687, 0.006180, 0.618668, 0.000687] latency_ms=0.067109
seq=2512 operator_q=[1.943139, 0.384063, -1.678541, -0.086381, -0.686386, -0.004000] target_q=[-1.198384, 0.384068, -1.678557, -0.086480, -0.686411, -1.574758] actual_q=[-1.200445, 0.389293, -1.678569, -0.086468, -0.692679, -1.574746] error_deg=[0.118103, 0.299377, 0.000687, 0.000687, 0.359116, 0.000687] latency_ms=0.059262
seq=2537 operator_q=[1.943151, 0.353838, -1.678541, -0.086369, -0.660488, -0.003820] target_q=[-1.198372, 0.353844, -1.678557, -0.086468, -0.660513, -1.574578] actual_q=[-1.198995, 0.360867, -1.678557, -0.086420, -0.666709, -1.574398] error_deg=[0.035706, 0.402374, 0.000000, 0.002747, 0.354996, 0.010300] latency_ms=0.086732
seq=2562 operator_q=[1.943211, 0.331320, -1.678541, -0.086345, -0.624883, -0.003796] target_q=[-1.198312, 0.331325, -1.678557, -0.086444, -0.624908, -1.574554] actual_q=[-1.198097, 0.335388, -1.678521, -0.086396, -0.634567, -1.574506] error_deg=[0.012360, 0.232773, 0.002060, 0.002747, 0.553436, 0.002747] latency_ms=0.051497
seq=2587 operator_q=[1.961223, 0.308382, -1.678541, -0.086297, -0.591555, -0.003784] target_q=[-1.180300, 0.308388, -1.678557, -0.086396, -0.591580, -1.574542] actual_q=[-1.191985, 0.316453, -1.678557, -0.086420, -0.599837, -1.574494] error_deg=[0.669479, 0.462112, 0.000000, 0.001373, 0.473099, 0.002747] latency_ms=1.032686
seq=2612 operator_q=[2.006068, 0.280064, -1.678541, -0.086297, -0.570007, -0.003784] target_q=[-1.135455, 0.280069, -1.678557, -0.086396, -0.570032, -1.574542] actual_q=[-1.166015, 0.287008, -1.678581, -0.086708, -0.576348, -1.574542] error_deg=[1.750946, 0.397568, 0.001373, 0.017853, 0.361862, 0.000000] latency_ms=1.637539
seq=2637 operator_q=[2.038378, 0.260361, -1.678541, -0.086297, -0.546530, -0.003760] target_q=[-1.103146, 0.260367, -1.678557, -0.086396, -0.546555, -1.574518] actual_q=[-1.121386, 0.265460, -1.678545, -0.086432, -0.552427, -1.574530] error_deg=[1.045074, 0.291824, 0.000687, 0.002060, 0.336456, 0.000687] latency_ms=0.039433
seq=2662 operator_q=[2.063053, 0.238095, -1.678541, -0.086309, -0.519014, -0.003760] target_q=[-1.078470, 0.238100, -1.678557, -0.086408, -0.519039, -1.574518] actual_q=[-1.089472, 0.244596, -1.678521, -0.086372, -0.526433, -1.574542] error_deg=[0.630341, 0.372162, 0.002060, 0.002060, 0.423660, 0.001373] latency_ms=3.665696
six-joint follow summary commands=2447 state_samples=489 stop_reason=DURATION active_duration_sec=20.002475 avg_latency_ms=0.925592 max_latency_ms=8.634158 avg_error_deg=[0.129717, 0.219347, 0.041060, 0.236741, 0.443836, 0.004277] max_error_deg=[1.769485, 1.312180, 0.839081, 2.531662, 2.176666, 0.076904] abort_ret=0 servo_disable_ret=0 logout_ret=0
operator sequence=125 rate_hz=123.81 read_ok=125 read_errors=0 sent=125 send_errors=0 powered=1 enabled=1 dragging=0
operator sequence=250 rate_hz=123.93 read_ok=250 read_errors=0 sent=250 send_errors=0 powered=1 enabled=1 dragging=1
operator sequence=375 rate_hz=124.29 read_ok=375 read_errors=0 sent=375 send_errors=0 powered=1 enabled=1 dragging=1
operator sequence=500 rate_hz=124.22 read_ok=500 read_errors=0 sent=500 send_errors=0 powered=1 enabled=1 dragging=1
operator sequence=625 rate_hz=124.37 read_ok=625 read_errors=0 sent=625 send_errors=0 powered=1 enabled=1 dragging=1
operator sequence=750 rate_hz=123.81 read_ok=750 read_errors=0 sent=750 send_errors=0 powered=1 enabled=1 dragging=1
operator sequence=875 rate_hz=123.57 read_ok=875 read_errors=0 sent=875 send_errors=0 powered=1 enabled=1 dragging=1
operator sequence=1000 rate_hz=123.74 read_ok=1000 read_errors=0 sent=1000 send_errors=0 powered=1 enabled=1 dragging=1
operator sequence=1125 rate_hz=123.77 read_ok=1125 read_errors=0 sent=1125 send_errors=0 powered=1 enabled=1 dragging=1
operator sequence=1250 rate_hz=123.90 read_ok=1250 read_errors=0 sent=1250 send_errors=0 powered=1 enabled=1 dragging=1
operator sequence=1375 rate_hz=123.90 read_ok=1375 read_errors=0 sent=1375 send_errors=0 powered=1 enabled=1 dragging=1
operator sequence=1500 rate_hz=123.75 read_ok=1500 read_errors=0 sent=1500 send_errors=0 powered=1 enabled=1 dragging=1
operator sequence=1625 rate_hz=123.84 read_ok=1625 read_errors=0 sent=1625 send_errors=0 powered=1 enabled=1 dragging=1
operator sequence=1750 rate_hz=123.79 read_ok=1750 read_errors=0 sent=1750 send_errors=0 powered=1 enabled=1 dragging=1
operator sequence=1875 rate_hz=123.80 read_ok=1875 read_errors=0 sent=1875 send_errors=0 powered=1 enabled=1 dragging=1
operator sequence=2000 rate_hz=123.62 read_ok=2000 read_errors=0 sent=2000 send_errors=0 powered=1 enabled=1 dragging=1
operator sequence=2125 rate_hz=123.48 read_ok=2125 read_errors=0 sent=2125 send_errors=0 powered=1 enabled=1 dragging=1
operator sequence=2250 rate_hz=123.56 read_ok=2250 read_errors=0 sent=2250 send_errors=0 powered=1 enabled=1 dragging=1
operator sequence=2375 rate_hz=123.64 read_ok=2375 read_errors=0 sent=2375 send_errors=0 powered=1 enabled=1 dragging=1
operator sequence=2500 rate_hz=123.61 read_ok=2500 read_errors=0 sent=2500 send_errors=0 powered=1 enabled=1 dragging=1
operator sequence=2625 rate_hz=123.56 read_ok=2625 read_errors=0 sent=2625 send_errors=0 powered=1 enabled=1 dragging=1
operator summary samples=2707 read_ok=2707 read_errors=0 sent=2707 send_errors=0 max_publish_interval_ms=27.239116 max_operator_joint_call_ms=17.836705 max_operator_status_call_ms=19.197615 max_operator_drag_call_ms=3.536768 missed_periods=31 logout_ret=0
operator exit code: 0
six-joint follower exit code: 0
