Six-joint follow test: 192.168.0.101 -> 192.168.0.102
J1-J6 relative motion is 1:1
No automatic robot power-on or robot enable
try to connect: 192.168.0.102
try to connect: 192.168.0.101
connect success
six-joint follower login_ret=0 ip=192.168.0.102
connect success
operator login_ret=0 ip=192.168.0.101
operator zero captured sequence=212
servo_move_enable_ret=0
seq=237 operator_q=[1.570789, 0.785390, -1.571294, 0.000013, -1.571097, 0.000003] target_q=[-1.570758, 0.785408, -1.570878, -0.000086, -1.570775, -1.570755] actual_q=[-1.570758, 0.785408, -1.570926, -0.000086, -1.570787, -1.570623] error_deg=[0.000000, 0.000000, 0.002747, 0.000000, 0.000687, 0.007553] latency_ms=0.047281
seq=262 operator_q=[1.570789, 0.785019, -1.571294, 0.000013, -1.567682, 0.000003] target_q=[-1.570758, 0.785036, -1.570878, -0.000086, -1.567359, -1.570755] actual_q=[-1.570758, 0.785144, -1.570926, -0.000086, -1.570175, -1.570647] error_deg=[0.000000, 0.006180, 0.002747, 0.000000, 0.161362, 0.006180] latency_ms=0.114659
seq=287 operator_q=[1.570789, 0.764178, -1.571306, 0.000013, -1.511967, 0.000003] target_q=[-1.570758, 0.764196, -1.570890, -0.000086, -1.511645, -1.570755] actual_q=[-1.570758, 0.771566, -1.570962, -0.000086, -1.527979, -1.570671] error_deg=[0.000000, 0.422287, 0.004120, 0.000000, 0.935898, 0.004807] latency_ms=0.084472
seq=312 operator_q=[1.570789, 0.724822, -1.571306, 0.000013, -1.463095, 0.000003] target_q=[-1.570758, 0.724839, -1.570890, -0.000086, -1.462773, -1.570755] actual_q=[-1.570758, 0.736560, -1.570950, -0.000086, -1.476147, -1.570707] error_deg=[0.000000, 0.671539, 0.003433, 0.000000, 0.766296, 0.002747] latency_ms=0.024986
seq=337 operator_q=[1.570789, 0.685286, -1.571306, 0.000013, -1.407261, 0.000003] target_q=[-1.570758, 0.685303, -1.570890, -0.000086, -1.406938, -1.570755] actual_q=[-1.570758, 0.692314, -1.570938, -0.000074, -1.417640, -1.570743] error_deg=[0.000000, 0.401688, 0.002747, 0.000687, 0.613174, 0.000687] latency_ms=0.105738
seq=362 operator_q=[1.570801, 0.633107, -1.572300, 0.000025, -1.366610, 0.000003] target_q=[-1.570746, 0.633124, -1.571885, -0.000074, -1.366288, -1.570755] actual_q=[-1.570758, 0.653365, -1.571262, 0.000166, -1.372352, -1.570863] error_deg=[0.000687, 1.159744, 0.035706, 0.013733, 0.347443, 0.006180] latency_ms=0.091840
seq=387 operator_q=[1.570801, 0.585517, -1.576687, 0.000025, -1.362152, 0.000003] target_q=[-1.570746, 0.585535, -1.576271, -0.000074, -1.361830, -1.570755] actual_q=[-1.570854, 0.612164, -1.575636, -0.000002, -1.364526, -1.570851] error_deg=[0.006180, 1.525726, 0.036392, 0.004120, 0.154495, 0.005493] latency_ms=0.089799
seq=412 operator_q=[1.570813, 0.565096, -1.576555, 0.000025, -1.294142, 0.000003] target_q=[-1.570734, 0.565114, -1.576140, -0.000074, -1.293819, -1.570755] actual_q=[-1.570830, 0.576211, -1.575936, -0.000002, -1.321467, -1.570827] error_deg=[0.005493, 0.635834, 0.011673, 0.004120, 1.584091, 0.004120] latency_ms=0.103115
seq=437 operator_q=[1.572551, 0.564629, -1.576555, 0.000121, -1.208814, 0.000003] target_q=[-1.568996, 0.564646, -1.576140, 0.000022, -1.208492, -1.570755] actual_q=[-1.569991, 0.569512, -1.576092, 0.000106, -1.236391, -1.570803] error_deg=[0.056992, 0.278778, 0.002747, 0.004807, 1.598511, 0.002747] latency_ms=0.644178
seq=464 operator_q=[1.596639, 0.564605, -1.576579, 0.000265, -1.140013, -0.000033] target_q=[-1.544908, 0.564622, -1.576164, 0.000166, -1.139690, -1.570791] actual_q=[-1.555826, 0.565749, -1.576020, 0.000310, -1.171101, -1.570923] error_deg=[0.625534, 0.064545, 0.008240, 0.008240, 1.799698, 0.007553] latency_ms=1.072356
seq=491 operator_q=[1.634222, 0.551386, -1.576579, 0.000265, -1.089775, -0.000057] target_q=[-1.507326, 0.551404, -1.576164, 0.000166, -1.089452, -1.570815] actual_q=[-1.517165, 0.559853, -1.576164, 0.000142, -1.110461, -1.570863] error_deg=[0.563736, 0.484085, 0.000000, 0.001373, 1.203690, 0.002747] latency_ms=4.117452
seq=517 operator_q=[1.655793, 0.503605, -1.576579, 0.000241, -1.037524, -0.000093] target_q=[-1.485754, 0.503623, -1.576164, 0.000142, -1.037201, -1.570851] actual_q=[-1.488858, 0.515535, -1.576116, 0.000094, -1.054410, -1.570887] error_deg=[0.177841, 0.682526, 0.002747, 0.002747, 0.986023, 0.002060] latency_ms=6.435580
seq=542 operator_q=[1.656093, 0.461013, -1.576567, 0.000241, -0.966865, -0.000141] target_q=[-1.485454, 0.461031, -1.576152, 0.000142, -0.966542, -1.570899] actual_q=[-1.486209, 0.475675, -1.575984, 0.000166, -0.995532, -1.570875] error_deg=[0.043259, 0.839081, 0.009613, 0.001373, 1.660995, 0.001373] latency_ms=0.103280
seq=567 operator_q=[1.656992, 0.432227, -1.576567, 0.000289, -0.889303, -0.000165] target_q=[-1.484555, 0.432245, -1.576152, 0.000190, -0.888980, -1.570923] actual_q=[-1.485394, 0.443294, -1.576176, 0.000274, -0.911906, -1.570995] error_deg=[0.048065, 0.633087, 0.001373, 0.004807, 1.313553, 0.004120] latency_ms=0.087555
seq=593 operator_q=[1.700231, 0.404328, -1.576567, 0.000301, -0.838993, -0.000165] target_q=[-1.441316, 0.404345, -1.576152, 0.000202, -0.838670, -1.570923] actual_q=[-1.457112, 0.414292, -1.576128, 0.000130, -0.855484, -1.570875] error_deg=[0.904999, 0.569916, 0.001373, 0.004120, 0.963364, 0.002747] latency_ms=0.095612
seq=621 operator_q=[1.762920, 0.369801, -1.576567, 0.000301, -0.767291, -0.000165] target_q=[-1.378627, 0.369819, -1.576152, 0.000202, -0.766969, -1.570923] actual_q=[-1.403039, 0.381683, -1.575948, 0.000130, -0.795947, -1.570875] error_deg=[1.398697, 0.679779, 0.011673, 0.004120, 1.660309, 0.002747] latency_ms=1.237653
seq=646 operator_q=[1.815064, 0.326131, -1.576543, 0.000301, -0.711037, -0.000165] target_q=[-1.326484, 0.326148, -1.576128, 0.000202, -0.710715, -1.570923] actual_q=[-1.351986, 0.337725, -1.576056, 0.000094, -0.735906, -1.570887] error_deg=[1.461182, 0.663300, 0.004120, 0.006180, 1.443329, 0.002060] latency_ms=0.197315
seq=674 operator_q=[1.856110, 0.283048, -1.576543, 0.000289, -0.652135, -0.000165] target_q=[-1.285438, 0.283065, -1.576128, 0.000190, -0.651812, -1.570923] actual_q=[-1.299711, 0.293443, -1.576104, 0.000322, -0.671790, -1.570887] error_deg=[0.817795, 0.594635, 0.001373, 0.007553, 1.144638, 0.002060] latency_ms=3.539903
seq=702 operator_q=[1.874338, 0.250714, -1.576507, 0.000277, -0.591327, -0.000165] target_q=[-1.267210, 0.250732, -1.576092, 0.000178, -0.591004, -1.570923] actual_q=[-1.273561, 0.258401, -1.576080, 0.000166, -0.624069, -1.570899] error_deg=[0.363922, 0.439453, 0.000687, 0.000687, 1.894455, 0.001373] latency_ms=0.084231
seq=727 operator_q=[1.875153, 0.227129, -1.576507, 0.000277, -0.559749, -0.000165] target_q=[-1.266395, 0.227147, -1.576092, 0.000178, -0.559426, -1.570923] actual_q=[-1.268312, 0.234445, -1.576068, 0.000190, -0.576947, -1.570899] error_deg=[0.109863, 0.418167, 0.001373, 0.000687, 1.003876, 0.001373] latency_ms=2.241670
seq=752 operator_q=[1.875153, 0.204755, -1.576507, 0.000277, -0.525605, -0.000165] target_q=[-1.266395, 0.204772, -1.576092, 0.000178, -0.525283, -1.570923] actual_q=[-1.266934, 0.211088, -1.576116, 0.000130, -0.540946, -1.570899] error_deg=[0.030899, 0.361862, 0.001373, 0.002747, 0.897446, 0.001373] latency_ms=0.118986
seq=780 operator_q=[1.875153, 0.180475, -1.576507, 0.000265, -0.486285, -0.000165] target_q=[-1.266395, 0.180492, -1.576092, 0.000166, -0.485963, -1.570923] actual_q=[-1.266407, 0.187826, -1.576032, 0.000142, -0.497995, -1.570911] error_deg=[0.000687, 0.420227, 0.003433, 0.001373, 0.689392, 0.000687] latency_ms=1.748196
seq=806 operator_q=[1.875153, 0.153942, -1.576507, 0.000265, -0.455690, -0.000165] target_q=[-1.266395, 0.153959, -1.576092, 0.000166, -0.455367, -1.570923] actual_q=[-1.266335, 0.160430, -1.576056, 0.000166, -0.462641, -1.570911] error_deg=[0.003433, 0.370789, 0.002060, 0.000000, 0.416794, 0.000687] latency_ms=5.043920
seq=831 operator_q=[1.875224, 0.133856, -1.576459, 0.000277, -0.431589, -0.000165] target_q=[-1.266323, 0.133873, -1.576044, 0.000178, -0.431267, -1.570923] actual_q=[-1.265999, 0.139086, -1.575876, 0.000286, -0.438182, -1.570911] error_deg=[0.018539, 0.298691, 0.009613, 0.006180, 0.396194, 0.000687] latency_ms=0.610736
seq=856 operator_q=[1.890373, 0.116479, -1.576423, 0.000277, -0.399963, -0.000153] target_q=[-1.251175, 0.116496, -1.576008, 0.000178, -0.399640, -1.570911] actual_q=[-1.258042, 0.121937, -1.575888, 0.000274, -0.410965, -1.570839] error_deg=[0.393448, 0.311737, 0.006866, 0.005493, 0.648880, 0.004120] latency_ms=4.890285
seq=881 operator_q=[1.923413, 0.089047, -1.576339, 0.000277, -0.348299, -0.000153] target_q=[-1.218134, 0.089064, -1.575924, 0.000178, -0.347976, -1.570911] actual_q=[-1.226176, 0.096890, -1.575888, 0.000250, -0.362645, -1.570851] error_deg=[0.460739, 0.448380, 0.002060, 0.004120, 0.840454, 0.003433] latency_ms=1.910353
seq=907 operator_q=[1.947861, 0.060932, -1.576339, 0.000265, -0.300014, -0.000153] target_q=[-1.193686, 0.060949, -1.575924, 0.000166, -0.299692, -1.570911] actual_q=[-1.197102, 0.067289, -1.575948, 0.000226, -0.309531, -1.570863] error_deg=[0.195694, 0.363235, 0.001373, 0.003433, 0.563736, 0.002747] latency_ms=0.091854
seq=935 operator_q=[1.965801, 0.025722, -1.575812, 0.000265, -0.254966, -0.000153] target_q=[-1.175746, 0.025740, -1.575397, 0.000166, -0.254643, -1.570911] actual_q=[-1.180144, 0.033565, -1.575780, 0.000010, -0.265357, -1.570875] error_deg=[0.251999, 0.448380, 0.021973, 0.008926, 0.613861, 0.002060] latency_ms=0.092948
seq=960 operator_q=[1.974238, -0.003495, -1.573187, 0.000265, -0.209126, -0.000141] target_q=[-1.167309, -0.003478, -1.572772, 0.000166, -0.208804, -1.570899] actual_q=[-1.168220, 0.004659, -1.572928, 0.000094, -0.226684, -1.570887] error_deg=[0.052185, 0.466232, 0.008926, 0.004120, 1.024475, 0.000687] latency_ms=0.052679
seq=985 operator_q=[1.974238, -0.028806, -1.573187, 0.000265, -0.167397, -0.000153] target_q=[-1.167309, -0.028789, -1.572772, 0.000166, -0.167074, -1.570911] actual_q=[-1.167537, -0.022401, -1.572916, 0.000106, -0.179694, -1.571162] error_deg=[0.013046, 0.365982, 0.008240, 0.003433, 0.723038, 0.014420] latency_ms=2.416275
seq=1010 operator_q=[1.974238, -0.046662, -1.573187, 0.000253, -0.121450, -0.000153] target_q=[-1.167309, -0.046645, -1.572772, 0.000154, -0.121127, -1.570911] actual_q=[-1.167525, -0.041324, -1.572904, 0.000118, -0.135232, -1.571102] error_deg=[0.012360, 0.304871, 0.007553, 0.002060, 0.808182, 0.010986] latency_ms=0.092462
seq=1036 operator_q=[1.974238, -0.074897, -1.573187, 0.000253, -0.092819, -0.000153] target_q=[-1.167309, -0.074880, -1.572772, 0.000154, -0.092497, -1.570911] actual_q=[-1.167453, -0.064837, -1.572556, 0.000142, -0.099615, -1.571031] error_deg=[0.008240, 0.575409, 0.012360, 0.000687, 0.407867, 0.006866] latency_ms=0.086812
seq=1061 operator_q=[1.974238, -0.114445, -1.573163, 0.000253, -0.062068, -0.000141] target_q=[-1.167309, -0.114428, -1.572748, 0.000154, -0.061745, -1.570899] actual_q=[-1.167381, -0.103882, -1.572568, 0.000142, -0.071848, -1.570875] error_deg=[0.004120, 0.604248, 0.010300, 0.000687, 0.578842, 0.001373] latency_ms=0.049675
seq=1086 operator_q=[1.974238, -0.141398, -1.573139, 0.000253, -0.047531, -0.000153] target_q=[-1.167309, -0.141380, -1.572724, 0.000154, -0.047208, -1.570911] actual_q=[-1.167249, -0.133758, -1.572688, 0.000166, -0.047915, -1.570743] error_deg=[0.003433, 0.436707, 0.002060, 0.000687, 0.040512, 0.009613] latency_ms=4.104501
seq=1111 operator_q=[1.974262, -0.158343, -1.559621, 0.000253, -0.047747, -0.000153] target_q=[-1.167285, -0.158326, -1.559206, 0.000154, -0.047424, -1.570911] actual_q=[-1.167261, -0.154132, -1.566996, 0.000166, -0.048335, -1.570875] error_deg=[0.001373, 0.240326, 0.446320, 0.000687, 0.052185, 0.002060] latency_ms=1.485308
seq=1136 operator_q=[1.993677, -0.185140, -1.515219, 0.000253, -0.048094, -0.000141] target_q=[-1.147871, -0.185123, -1.514804, 0.000154, -0.047771, -1.570899] actual_q=[-1.157434, -0.173246, -1.528778, 0.000178, -0.047831, -1.570875] error_deg=[0.547943, 0.680466, 0.800629, 0.001373, 0.003433, 0.001373] latency_ms=0.405541
seq=1163 operator_q=[2.022187, -0.240268, -1.450073, 0.000253, -0.048046, -0.000141] target_q=[-1.119360, -0.240250, -1.449658, 0.000154, -0.047724, -1.570899] actual_q=[-1.125832, -0.224671, -1.468258, 0.000226, -0.047604, -1.570803] error_deg=[0.370789, 0.892639, 1.065674, 0.004120, 0.006866, 0.005493] latency_ms=0.091765
seq=1188 operator_q=[2.033524, -0.294041, -1.389038, 0.000253, -0.048094, -0.000141] target_q=[-1.108023, -0.294023, -1.388622, 0.000154, -0.047771, -1.570899] actual_q=[-1.108299, -0.278756, -1.405604, 0.000226, -0.047664, -1.570803] error_deg=[0.015793, 0.874786, 0.972977, 0.004120, 0.006180, 0.005493] latency_ms=0.087958
seq=1213 operator_q=[2.033524, -0.338574, -1.347560, 0.000253, -0.048094, -0.000141] target_q=[-1.108023, -0.338557, -1.347145, 0.000154, -0.047771, -1.570899] actual_q=[-1.108526, -0.325818, -1.358794, 0.000214, -0.047676, -1.570815] error_deg=[0.028839, 0.729904, 0.667419, 0.003433, 0.005493, 0.004807] latency_ms=0.102403
seq=1240 operator_q=[2.033380, -0.375833, -1.304381, 0.000253, -0.048094, -0.000141] target_q=[-1.108167, -0.375816, -1.303966, 0.000154, -0.047771, -1.570899] actual_q=[-1.108550, -0.365066, -1.316489, 0.000202, -0.047891, -1.570827] error_deg=[0.021973, 0.615921, 0.717545, 0.002747, 0.006866, 0.004120] latency_ms=0.194531
seq=1267 operator_q=[2.033416, -0.412181, -1.267673, 0.000253, -0.048094, -0.000141] target_q=[-1.108131, -0.412164, -1.267258, 0.000154, -0.047771, -1.570899] actual_q=[-1.108143, -0.402792, -1.277349, 0.000202, -0.048083, -1.570839] error_deg=[0.000687, 0.536957, 0.578156, 0.002747, 0.017853, 0.003433] latency_ms=0.058380
seq=1292 operator_q=[2.036101, -0.433549, -1.251339, 0.000253, -0.048094, -0.000141] target_q=[-1.105447, -0.433532, -1.250924, 0.000154, -0.047771, -1.570899] actual_q=[-1.105710, -0.426665, -1.254723, 0.000202, -0.047867, -1.570839] error_deg=[0.015106, 0.393448, 0.217667, 0.002747, 0.005493, 0.003433] latency_ms=0.033178
seq=1317 operator_q=[2.036101, -0.455205, -1.234381, 0.000253, -0.048094, -0.000141] target_q=[-1.105447, -0.455187, -1.233966, 0.000154, -0.047771, -1.570899] actual_q=[-1.105351, -0.447469, -1.240977, 0.000190, -0.047867, -1.570851] error_deg=[0.005493, 0.442200, 0.401688, 0.002060, 0.005493, 0.002747] latency_ms=0.095588
seq=1342 operator_q=[2.036089, -0.477831, -1.213565, 0.000253, -0.048082, -0.000141] target_q=[-1.105459, -0.477813, -1.213149, 0.000154, -0.047759, -1.570899] actual_q=[-1.105602, -0.472349, -1.218147, 0.000190, -0.047855, -1.570851] error_deg=[0.008240, 0.313110, 0.286331, 0.002060, 0.005493, 0.002747] latency_ms=0.261354
seq=1367 operator_q=[2.036089, -0.500912, -1.191849, 0.000253, -0.048082, -0.000141] target_q=[-1.105459, -0.500895, -1.191434, 0.000154, -0.047759, -1.570899] actual_q=[-1.105602, -0.494220, -1.197007, 0.000178, -0.047843, -1.570863] error_deg=[0.008240, 0.382462, 0.319290, 0.001373, 0.004807, 0.002060] latency_ms=0.099965
seq=1393 operator_q=[2.036089, -0.534049, -1.162751, 0.000253, -0.048082, -0.000141] target_q=[-1.105459, -0.534031, -1.162336, 0.000154, -0.047759, -1.570899] actual_q=[-1.105554, -0.523330, -1.171816, 0.000166, -0.047724, -1.570863] error_deg=[0.005493, 0.613174, 0.543137, 0.000687, 0.002060, 0.002060] latency_ms=0.089549
seq=1418 operator_q=[2.036089, -0.559072, -1.130334, 0.000253, -0.048082, -0.000141] target_q=[-1.105459, -0.559055, -1.129919, 0.000154, -0.047759, -1.570899] actual_q=[-1.105542, -0.553853, -1.136486, 0.000154, -0.047759, -1.570875] error_deg=[0.004807, 0.298004, 0.376282, 0.000000, 0.000000, 0.001373] latency_ms=0.777197
seq=1443 operator_q=[2.036089, -0.581387, -1.104736, 0.000253, -0.048082, -0.000141] target_q=[-1.105459, -0.581369, -1.104321, 0.000154, -0.047759, -1.570899] actual_q=[-1.105518, -0.573076, -1.112865, 0.000154, -0.047759, -1.570875] error_deg=[0.003433, 0.475159, 0.489578, 0.000000, 0.000000, 0.001373] latency_ms=0.090108
seq=1468 operator_q=[2.038797, -0.609993, -1.073948, 0.000253, -0.048082, -0.000141] target_q=[-1.102750, -0.609976, -1.073533, 0.000154, -0.047759, -1.570899] actual_q=[-1.104835, -0.602881, -1.082401, 0.000154, -0.047759, -1.570875] error_deg=[0.119476, 0.406494, 0.508118, 0.000000, 0.000000, 0.001373] latency_ms=0.056507
seq=1494 operator_q=[2.054472, -0.623439, -1.038883, 0.000253, -0.048106, -0.000141] target_q=[-1.087075, -0.623422, -1.038467, 0.000154, -0.047783, -1.570899] actual_q=[-1.089172, -0.621960, -1.046641, 0.000154, -0.047712, -1.570887] error_deg=[0.120163, 0.083771, 0.468292, 0.000000, 0.004120, 0.000687] latency_ms=0.092808
seq=1520 operator_q=[2.056785, -0.623511, -1.036426, 0.000253, -0.049221, -0.000141] target_q=[-1.084762, -0.623494, -1.036011, 0.000154, -0.048898, -1.570899] actual_q=[-1.084834, -0.622930, -1.036346, 0.000142, -0.048227, -1.570887] error_deg=[0.004120, 0.032272, 0.019226, 0.000687, 0.038452, 0.000687] latency_ms=3.382796
seq=1546 operator_q=[2.056785, -0.631073, -1.036474, 0.000253, -0.070361, -0.000141] target_q=[-1.084762, -0.631056, -1.036058, 0.000154, -0.070038, -1.570899] actual_q=[-1.084834, -0.626741, -1.036334, 0.000070, -0.065101, -1.570899] error_deg=[0.004120, 0.247192, 0.015793, 0.004807, 0.282898, 0.000000] latency_ms=5.371620
seq=1572 operator_q=[2.056773, -0.645047, -1.036450, 0.000253, -0.068599, -0.000141] target_q=[-1.084774, -0.645029, -1.036035, 0.000154, -0.068276, -1.570899] actual_q=[-1.084834, -0.643939, -1.035939, 0.000058, -0.067845, -1.570899] error_deg=[0.003433, 0.062485, 0.005493, 0.005493, 0.024719, 0.000000] latency_ms=2.191139
seq=1599 operator_q=[2.056749, -0.644987, -1.036366, 0.000253, -0.068539, -0.000141] target_q=[-1.084798, -0.644969, -1.035951, 0.000154, -0.068217, -1.570899] actual_q=[-1.084894, -0.644718, -1.035795, 0.000070, -0.068049, -1.570899] error_deg=[0.005493, 0.014420, 0.008926, 0.004807, 0.009613, 0.000000] latency_ms=0.053426
seq=1624 operator_q=[2.056749, -0.644987, -1.036366, 0.000253, -0.068539, -0.000141] target_q=[-1.084798, -0.644969, -1.035951, 0.000154, -0.068217, -1.570899] actual_q=[-1.084846, -0.644730, -1.035807, 0.000082, -0.068229, -1.570899] error_deg=[0.002747, 0.013733, 0.008240, 0.004120, 0.000687, 0.000000] latency_ms=0.087193
six-joint follow summary commands=1387 state_samples=277 stop_reason=OPERATOR_NOT_READY active_duration_sec=11.468790 avg_latency_ms=1.295512 max_latency_ms=8.356067 avg_error_deg=[0.168243, 0.457549, 0.161347, 0.002965, 0.570181, 0.003123] max_error_deg=[1.820297, 1.622543, 1.138458, 0.016479, 2.239838, 0.014420] abort_ret=0 servo_disable_ret=0 logout_ret=0
operator sequence=125 rate_hz=123.84 read_ok=125 read_errors=0 sent=125 send_errors=0 powered=1 enabled=1 dragging=0
operator sequence=250 rate_hz=123.44 read_ok=250 read_errors=0 sent=250 send_errors=0 powered=1 enabled=1 dragging=1
operator sequence=375 rate_hz=122.97 read_ok=375 read_errors=0 sent=375 send_errors=0 powered=1 enabled=1 dragging=1
operator sequence=500 rate_hz=122.99 read_ok=500 read_errors=0 sent=500 send_errors=0 powered=1 enabled=1 dragging=1
operator sequence=625 rate_hz=123.39 read_ok=625 read_errors=0 sent=625 send_errors=0 powered=1 enabled=1 dragging=1
operator sequence=750 rate_hz=123.49 read_ok=750 read_errors=0 sent=750 send_errors=0 powered=1 enabled=1 dragging=1
operator sequence=875 rate_hz=123.57 read_ok=875 read_errors=0 sent=875 send_errors=0 powered=1 enabled=1 dragging=1
operator sequence=1000 rate_hz=123.74 read_ok=1000 read_errors=0 sent=1000 send_errors=0 powered=1 enabled=1 dragging=1
operator sequence=1125 rate_hz=123.88 read_ok=1125 read_errors=0 sent=1125 send_errors=0 powered=1 enabled=1 dragging=1
operator sequence=1250 rate_hz=123.99 read_ok=1250 read_errors=0 sent=1250 send_errors=0 powered=1 enabled=1 dragging=1
operator sequence=1375 rate_hz=124.09 read_ok=1375 read_errors=0 sent=1375 send_errors=0 powered=1 enabled=1 dragging=1
operator sequence=1500 rate_hz=124.16 read_ok=1500 read_errors=0 sent=1500 send_errors=0 powered=1 enabled=1 dragging=1
operator sequence=1625 rate_hz=124.00 read_ok=1625 read_errors=0 sent=1625 send_errors=0 powered=1 enabled=1 dragging=1
operator summary samples=1658 read_ok=1658 read_errors=0 sent=1658 send_errors=0 max_publish_interval_ms=28.540148 max_operator_joint_call_ms=20.818623 max_operator_status_call_ms=1.378434 max_operator_drag_call_ms=16.556812 missed_periods=15 logout_ret=0
operator exit code: 0
six-joint follower exit code: 0
