Six-joint follow test: 192.168.0.101 -> 192.168.0.102
J1-J6 relative motion is 1:1
No automatic robot power-on or robot enable
try to connect: 192.168.0.102
try to connect: 192.168.0.101
connect success
six-joint follower login_ret=0 ip=192.168.0.102
connect success
operator login_ret=0 ip=192.168.0.101
operator zero captured sequence=187
servo_move_enable_ret=0
seq=211 operator_q=[1.570813, 0.785390, -1.570790, 0.000037, -1.570750, -0.000021] target_q=[-1.570758, 0.785408, -1.570783, -0.000086, -1.570775, -1.570755] actual_q=[-1.570542, 0.785408, -1.570651, -0.000349, -1.570859, -1.570839] error_deg=[0.012360, 0.000000, 0.007553, 0.015106, 0.004807, 0.004807] latency_ms=1.696118
seq=236 operator_q=[1.570801, 0.785390, -1.570790, 0.000037, -1.570258, -0.000021] target_q=[-1.570770, 0.785408, -1.570783, -0.000086, -1.570283, -1.570755] actual_q=[-1.570734, 0.785408, -1.570663, -0.000385, -1.570427, -1.570827] error_deg=[0.002060, 0.000000, 0.006866, 0.017166, 0.008240, 0.004120] latency_ms=0.017653
seq=263 operator_q=[1.570801, 0.785390, -1.570778, 0.000025, -1.543857, -0.000021] target_q=[-1.570770, 0.785408, -1.570771, -0.000098, -1.543882, -1.570755] actual_q=[-1.570734, 0.785408, -1.570687, -0.000277, -1.559737, -1.570815] error_deg=[0.002060, 0.000000, 0.004807, 0.010300, 0.908432, 0.003433] latency_ms=0.657830
seq=288 operator_q=[1.570801, 0.785378, -1.570778, 0.000013, -1.483217, -0.000021] target_q=[-1.570770, 0.785396, -1.570771, -0.000110, -1.483242, -1.570755] actual_q=[-1.570746, 0.785360, -1.570855, -0.000265, -1.505916, -1.570755] error_deg=[0.001373, 0.002060, 0.004807, 0.008926, 1.299133, 0.000000] latency_ms=0.101263
seq=313 operator_q=[1.570801, 0.785294, -1.570778, -0.000023, -1.443178, -0.000021] target_q=[-1.570770, 0.785312, -1.570771, -0.000146, -1.443203, -1.570755] actual_q=[-1.570746, 0.785204, -1.570843, -0.000218, -1.455774, -1.570755] error_deg=[0.001373, 0.006180, 0.004120, 0.004120, 0.720291, 0.000000] latency_ms=0.088215
seq=338 operator_q=[1.570801, 0.785294, -1.570778, -0.000011, -1.430930, -0.000021] target_q=[-1.570770, 0.785312, -1.570771, -0.000134, -1.430955, -1.570755] actual_q=[-1.570746, 0.785240, -1.570807, 0.000082, -1.433412, -1.570755] error_deg=[0.001373, 0.004120, 0.002060, 0.012360, 0.140762, 0.000000] latency_ms=0.336263
seq=363 operator_q=[1.570801, 0.785282, -1.570778, -0.000011, -1.430918, -0.000021] target_q=[-1.570770, 0.785300, -1.570771, -0.000134, -1.430943, -1.570755] actual_q=[-1.570746, 0.785276, -1.570807, 0.000046, -1.432381, -1.570755] error_deg=[0.001373, 0.001373, 0.002060, 0.010300, 0.082397, 0.000000] latency_ms=0.055778
seq=388 operator_q=[1.570801, 0.785282, -1.570778, -0.000011, -1.424207, -0.000021] target_q=[-1.570770, 0.785300, -1.570771, -0.000134, -1.424232, -1.570755] actual_q=[-1.570746, 0.785288, -1.570795, 0.000022, -1.429672, -1.570755] error_deg=[0.001373, 0.000687, 0.001373, 0.008926, 0.311737, 0.000000] latency_ms=0.090626
seq=413 operator_q=[1.570801, 0.785270, -1.570778, -0.000011, -1.372195, -0.000033] target_q=[-1.570770, 0.785288, -1.570771, -0.000134, -1.372220, -1.570767] actual_q=[-1.570746, 0.785300, -1.570783, -0.000026, -1.383473, -1.570851] error_deg=[0.001373, 0.000687, 0.000687, 0.006180, 0.644760, 0.004807] latency_ms=0.110443
seq=438 operator_q=[1.570801, 0.785235, -1.570778, -0.000035, -1.349449, -0.000033] target_q=[-1.570770, 0.785252, -1.570771, -0.000158, -1.349474, -1.570767] actual_q=[-1.570758, 0.785216, -1.570651, -0.000325, -1.357563, -1.570791] error_deg=[0.000687, 0.002060, 0.006866, 0.009613, 0.463486, 0.001373] latency_ms=0.757776
seq=463 operator_q=[1.570801, 0.785223, -1.570790, -0.000047, -1.335092, -0.000033] target_q=[-1.570770, 0.785240, -1.570783, -0.000170, -1.335117, -1.570767] actual_q=[-1.570758, 0.785300, -1.570651, -0.000325, -1.340630, -1.570779] error_deg=[0.000687, 0.003433, 0.007553, 0.008926, 0.315857, 0.000687] latency_ms=0.101048
seq=488 operator_q=[1.570801, 0.785055, -1.570790, -0.000131, -1.330562, -0.000033] target_q=[-1.570770, 0.785072, -1.570783, -0.000253, -1.330587, -1.570767] actual_q=[-1.570758, 0.785060, -1.570807, -0.000397, -1.331665, -1.570779] error_deg=[0.000687, 0.000687, 0.001373, 0.008240, 0.061798, 0.000687] latency_ms=0.062752
seq=513 operator_q=[1.570801, 0.784731, -1.570790, -0.032895, -1.330586, -0.000033] target_q=[-1.570770, 0.784749, -1.570783, -0.033018, -1.330611, -1.570767] actual_q=[-1.570758, 0.784928, -1.570795, -0.013592, -1.331210, -1.570767] error_deg=[0.000687, 0.010300, 0.000687, 1.113052, 0.034332, 0.000000] latency_ms=0.077825
seq=538 operator_q=[1.570801, 0.765245, -1.570790, -0.109750, -1.330502, -0.000033] target_q=[-1.570770, 0.765262, -1.570783, -0.109873, -1.330527, -1.570767] actual_q=[-1.570758, 0.773328, -1.570795, -0.090579, -1.330575, -1.570767] error_deg=[0.000687, 0.462112, 0.000687, 1.105499, 0.002747, 0.000000] latency_ms=0.059431
seq=563 operator_q=[1.570801, 0.731318, -1.570790, -0.148615, -1.291385, -0.000033] target_q=[-1.570770, 0.731335, -1.570783, -0.148738, -1.291410, -1.570767] actual_q=[-1.570758, 0.741126, -1.570639, -0.138635, -1.315259, -1.570755] error_deg=[0.000687, 0.560989, 0.008240, 0.578842, 1.366425, 0.000687] latency_ms=0.054653
seq=588 operator_q=[1.570801, 0.698960, -1.570790, -0.182495, -1.219013, -0.000033] target_q=[-1.570770, 0.698977, -1.570783, -0.182617, -1.219038, -1.570767] actual_q=[-1.570758, 0.708050, -1.570663, -0.172682, -1.240717, -1.570743] error_deg=[0.000687, 0.519791, 0.006866, 0.569229, 1.242142, 0.001373] latency_ms=0.019339
seq=613 operator_q=[1.570801, 0.663762, -1.570790, -0.197103, -1.156155, -0.000033] target_q=[-1.570770, 0.663780, -1.570783, -0.197226, -1.156180, -1.570767] actual_q=[-1.570758, 0.674122, -1.570783, -0.195512, -1.178962, -1.570731] error_deg=[0.000687, 0.592575, 0.000000, 0.098190, 1.305313, 0.002060] latency_ms=0.911843
seq=638 operator_q=[1.570801, 0.631609, -1.570790, -0.197091, -1.102083, -0.000033] target_q=[-1.570770, 0.631626, -1.570783, -0.197214, -1.102108, -1.570767] actual_q=[-1.570758, 0.640327, -1.570783, -0.196831, -1.119748, -1.570731] error_deg=[0.000687, 0.498505, 0.000000, 0.021973, 1.010742, 0.002060] latency_ms=0.102668
seq=663 operator_q=[1.570801, 0.597322, -1.570790, -0.197103, -1.062798, -0.000033] target_q=[-1.570770, 0.597339, -1.570783, -0.197226, -1.062823, -1.570767] actual_q=[-1.570758, 0.608329, -1.570783, -0.196986, -1.074232, -1.570731] error_deg=[0.000687, 0.629654, 0.000000, 0.013733, 0.653687, 0.002060] latency_ms=0.053228
seq=688 operator_q=[1.570789, 0.562052, -1.570790, -0.197223, -1.025683, -0.000033] target_q=[-1.570782, 0.562070, -1.570783, -0.197346, -1.025708, -1.570767] actual_q=[-1.570866, 0.570734, -1.570747, -0.197586, -1.036901, -1.570743] error_deg=[0.004807, 0.496445, 0.002060, 0.013733, 0.641327, 0.001373] latency_ms=0.086400
seq=713 operator_q=[1.570789, 0.530102, -1.570790, -0.211580, -0.987454, -0.000033] target_q=[-1.570782, 0.530120, -1.570783, -0.211703, -0.987479, -1.570767] actual_q=[-1.570842, 0.538796, -1.570807, -0.203937, -0.997246, -1.570743] error_deg=[0.003433, 0.497131, 0.001373, 0.444946, 0.559616, 0.001373] latency_ms=0.049597
seq=738 operator_q=[1.570789, 0.499986, -1.570790, -0.246334, -0.941111, -0.000033] target_q=[-1.570782, 0.500003, -1.570783, -0.246457, -0.941136, -1.570767] actual_q=[-1.570794, 0.508416, -1.570783, -0.237277, -0.953851, -1.570743] error_deg=[0.000687, 0.482025, 0.000000, 0.525970, 0.728531, 0.001373] latency_ms=0.551270
seq=763 operator_q=[1.570789, 0.465795, -1.570790, -0.269416, -0.894252, -0.000033] target_q=[-1.570782, 0.465812, -1.570783, -0.269539, -0.894277, -1.570767] actual_q=[-1.570794, 0.474657, -1.570771, -0.264590, -0.906849, -1.570743] error_deg=[0.000687, 0.506744, 0.000687, 0.283585, 0.720291, 0.001373] latency_ms=0.091046
seq=789 operator_q=[1.570789, 0.436757, -1.570778, -0.276511, -0.840096, -0.000021] target_q=[-1.570782, 0.436775, -1.570771, -0.276634, -0.840120, -1.570755] actual_q=[-1.570770, 0.445032, -1.570711, -0.276262, -0.871615, -1.570695] error_deg=[0.000687, 0.473099, 0.003433, 0.021286, 1.804504, 0.003433] latency_ms=0.085441
seq=814 operator_q=[1.570789, 0.406389, -1.570778, -0.276511, -0.787221, -0.000021] target_q=[-1.570782, 0.406407, -1.570771, -0.276634, -0.787246, -1.570755] actual_q=[-1.570770, 0.414772, -1.570711, -0.276346, -0.807799, -1.570671] error_deg=[0.000687, 0.479279, 0.003433, 0.016479, 1.177597, 0.004807] latency_ms=0.023085
seq=839 operator_q=[1.570777, 0.381246, -1.570778, -0.276511, -0.744390, -0.000021] target_q=[-1.570794, 0.381264, -1.570771, -0.276634, -0.744414, -1.570755] actual_q=[-1.570818, 0.388646, -1.570807, -0.276418, -0.760198, -1.570683] error_deg=[0.001373, 0.422974, 0.002060, 0.012360, 0.904312, 0.004120] latency_ms=0.098286
seq=864 operator_q=[1.567014, 0.351106, -1.570766, -0.276523, -0.700791, -0.000021] target_q=[-1.574557, 0.351123, -1.570759, -0.276646, -0.700816, -1.570755] actual_q=[-1.571777, 0.359141, -1.570735, -0.276753, -0.713232, -1.570719] error_deg=[0.159302, 0.459366, 0.001373, 0.006180, 0.711365, 0.002060] latency_ms=0.091913
seq=889 operator_q=[1.536394, 0.321613, -1.570766, -0.276511, -0.652207, -0.000021] target_q=[-1.605177, 0.321630, -1.570759, -0.276634, -0.652232, -1.570755] actual_q=[-1.597782, 0.329264, -1.570735, -0.276730, -0.665822, -1.570731] error_deg=[0.423660, 0.437393, 0.001373, 0.005493, 0.778656, 0.001373] latency_ms=1.025721
seq=914 operator_q=[1.511359, 0.293162, -1.570766, -0.276499, -0.613546, -0.000021] target_q=[-1.630212, 0.293180, -1.570759, -0.276622, -0.613571, -1.570755] actual_q=[-1.625274, 0.300059, -1.570555, -0.276574, -0.625567, -1.570767] error_deg=[0.282898, 0.394135, 0.011673, 0.002747, 0.687332, 0.000687] latency_ms=0.091353
seq=939 operator_q=[1.498117, 0.269314, -1.570766, -0.276499, -0.578684, -0.000021] target_q=[-1.643454, 0.269331, -1.570759, -0.276622, -0.578709, -1.570755] actual_q=[-1.639583, 0.275419, -1.570663, -0.276598, -0.586762, -1.570827] error_deg=[0.221786, 0.348816, 0.005493, 0.001373, 0.461426, 0.004120] latency_ms=0.053377
seq=964 operator_q=[1.491957, 0.253303, -1.570766, -0.276499, -0.566867, -0.000021] target_q=[-1.649614, 0.253320, -1.570759, -0.276622, -0.566892, -1.570755] actual_q=[-1.649015, 0.257239, -1.570843, -0.276610, -0.568654, -1.570827] error_deg=[0.034332, 0.224533, 0.004807, 0.000687, 0.100937, 0.004120] latency_ms=0.060392
seq=989 operator_q=[1.491957, 0.244255, -1.570766, -0.276487, -0.566855, -0.000021] target_q=[-1.649614, 0.244272, -1.570759, -0.276610, -0.566880, -1.570755] actual_q=[-1.649159, 0.245962, -1.570699, -0.276610, -0.567503, -1.570803] error_deg=[0.026093, 0.096817, 0.003433, 0.000000, 0.035706, 0.002747] latency_ms=0.114371
seq=1014 operator_q=[1.491957, 0.244063, -1.570766, -0.276487, -0.566879, -0.000021] target_q=[-1.649614, 0.244080, -1.570759, -0.276610, -0.566904, -1.570755] actual_q=[-1.649434, 0.244284, -1.570711, -0.276538, -0.567252, -1.570803] error_deg=[0.010300, 0.011673, 0.002747, 0.004120, 0.019913, 0.002747] latency_ms=0.097649
seq=1039 operator_q=[1.491957, 0.244063, -1.570766, -0.276487, -0.566939, -0.000021] target_q=[-1.649614, 0.244080, -1.570759, -0.276610, -0.566964, -1.570755] actual_q=[-1.649578, 0.244272, -1.570795, -0.276550, -0.567096, -1.570791] error_deg=[0.002060, 0.010986, 0.002060, 0.003433, 0.007553, 0.002060] latency_ms=0.090484
seq=1064 operator_q=[1.491957, 0.244075, -1.570778, -0.276475, -0.567814, -0.000021] target_q=[-1.649614, 0.244092, -1.570771, -0.276598, -0.567839, -1.570755] actual_q=[-1.649638, 0.244284, -1.570759, -0.276562, -0.567060, -1.570791] error_deg=[0.001373, 0.010986, 0.000687, 0.002060, 0.044632, 0.002060] latency_ms=0.010117
seq=1089 operator_q=[1.491969, 0.244003, -1.570814, -0.276451, -0.601274, -0.000021] target_q=[-1.649602, 0.244020, -1.570807, -0.276574, -0.601299, -1.570755] actual_q=[-1.649626, 0.243889, -1.570795, -0.276538, -0.588512, -1.570779] error_deg=[0.001373, 0.007553, 0.000687, 0.002060, 0.732651, 0.001373] latency_ms=0.044860
seq=1114 operator_q=[1.491969, 0.244003, -1.570814, -0.276451, -0.637526, -0.000021] target_q=[-1.649602, 0.244020, -1.570807, -0.276574, -0.637551, -1.570755] actual_q=[-1.649638, 0.243936, -1.570699, -0.276562, -0.631954, -1.570743] error_deg=[0.002060, 0.004807, 0.006180, 0.000687, 0.320663, 0.000687] latency_ms=1.102497
seq=1139 operator_q=[1.491969, 0.244075, -1.569915, -0.276451, -0.609243, -0.000021] target_q=[-1.649602, 0.244092, -1.569908, -0.276574, -0.609268, -1.570755] actual_q=[-1.649638, 0.244056, -1.570687, -0.276574, -0.626082, -1.570743] error_deg=[0.002060, 0.002060, 0.044632, 0.000000, 0.963364, 0.000687] latency_ms=0.086019
seq=1164 operator_q=[1.491969, 0.244075, -1.556781, -0.276451, -0.553133, -0.000021] target_q=[-1.649602, 0.244092, -1.556773, -0.276574, -0.553158, -1.570755] actual_q=[-1.649710, 0.244008, -1.558954, -0.276646, -0.570080, -1.570659] error_deg=[0.006180, 0.004807, 0.124969, 0.004120, 0.969543, 0.005493] latency_ms=0.056561
seq=1189 operator_q=[1.491969, 0.244027, -1.561383, -0.276451, -0.568329, -0.000021] target_q=[-1.649602, 0.244044, -1.561375, -0.276574, -0.568354, -1.570755] actual_q=[-1.649710, 0.243865, -1.558331, -0.276622, -0.566353, -1.570683] error_deg=[0.006180, 0.010300, 0.174408, 0.002747, 0.114670, 0.004120] latency_ms=0.085400
seq=1214 operator_q=[1.491969, 0.244027, -1.577406, -0.276451, -0.597019, -0.000021] target_q=[-1.649602, 0.244044, -1.577398, -0.276574, -0.597044, -1.570755] actual_q=[-1.649650, 0.244008, -1.572664, -0.276586, -0.588128, -1.570743] error_deg=[0.002747, 0.002060, 0.271225, 0.000687, 0.510864, 0.000687] latency_ms=0.084313
seq=1239 operator_q=[1.491969, 0.244039, -1.585878, -0.276451, -0.607518, -0.000021] target_q=[-1.649602, 0.244056, -1.585871, -0.276574, -0.607543, -1.570755] actual_q=[-1.649638, 0.244008, -1.585835, -0.276586, -0.607782, -1.570743] error_deg=[0.002060, 0.002747, 0.002060, 0.000687, 0.013733, 0.000687] latency_ms=0.083731
seq=1264 operator_q=[1.491969, 0.244051, -1.575057, -0.276451, -0.564602, -0.000021] target_q=[-1.649602, 0.244068, -1.575049, -0.276574, -0.564627, -1.570755] actual_q=[-1.649602, 0.244068, -1.580825, -0.276562, -0.581920, -1.570755] error_deg=[0.000000, 0.000000, 0.330963, 0.000687, 0.990829, 0.000000] latency_ms=0.110610
seq=1289 operator_q=[1.491969, 0.244051, -1.554528, -0.276451, -0.527127, -0.000021] target_q=[-1.649602, 0.244068, -1.554520, -0.276574, -0.527152, -1.570755] actual_q=[-1.649566, 0.244128, -1.557396, -0.276550, -0.530532, -1.570755] error_deg=[0.002060, 0.003433, 0.164795, 0.001373, 0.193634, 0.000000] latency_ms=0.095155
seq=1314 operator_q=[1.491981, 0.244027, -1.554576, -0.276439, -0.542983, -0.000021] target_q=[-1.649590, 0.244044, -1.554568, -0.276562, -0.543008, -1.570755] actual_q=[-1.649566, 0.243972, -1.554748, -0.276466, -0.534882, -1.570755] error_deg=[0.001373, 0.004120, 0.010300, 0.005493, 0.465546, 0.000000] latency_ms=0.062185
seq=1339 operator_q=[1.491993, 0.244027, -1.554576, -0.276415, -0.582758, -0.000021] target_q=[-1.649578, 0.244044, -1.554568, -0.276538, -0.582783, -1.570755] actual_q=[-1.649410, 0.243972, -1.554688, -0.276454, -0.569589, -1.570755] error_deg=[0.009613, 0.004120, 0.006866, 0.004807, 0.755997, 0.000000] latency_ms=0.141795
seq=1364 operator_q=[1.492005, 0.244027, -1.554576, -0.276343, -0.636160, -0.000021] target_q=[-1.649566, 0.244044, -1.554568, -0.276466, -0.636185, -1.570755] actual_q=[-1.649530, 0.244008, -1.554688, -0.276334, -0.618029, -1.570755] error_deg=[0.002060, 0.002060, 0.006866, 0.007553, 1.040268, 0.000000] latency_ms=0.590057
seq=1389 operator_q=[1.492017, 0.244039, -1.554456, -0.276319, -0.641864, -0.000021] target_q=[-1.649554, 0.244056, -1.554448, -0.276442, -0.641889, -1.570755] actual_q=[-1.649542, 0.244140, -1.554292, -0.276418, -0.646467, -1.570767] error_deg=[0.000687, 0.004807, 0.008926, 0.001373, 0.262299, 0.000687] latency_ms=0.094758
seq=1414 operator_q=[1.492017, 0.244075, -1.554324, -0.276331, -0.560252, -0.000021] target_q=[-1.649554, 0.244092, -1.554316, -0.276454, -0.560277, -1.570755] actual_q=[-1.649530, 0.244164, -1.554220, -0.276406, -0.584785, -1.570767] error_deg=[0.001373, 0.004120, 0.005493, 0.002747, 1.404190, 0.000687] latency_ms=0.087238
seq=1439 operator_q=[1.492017, 0.244075, -1.554348, -0.276331, -0.516665, -0.000021] target_q=[-1.649554, 0.244092, -1.554340, -0.276454, -0.516690, -1.570755] actual_q=[-1.649530, 0.244164, -1.554352, -0.276526, -0.518775, -1.570767] error_deg=[0.001373, 0.004120, 0.000687, 0.004120, 0.119476, 0.000687] latency_ms=0.013890
seq=1464 operator_q=[1.492017, 0.244075, -1.554348, -0.276331, -0.517169, -0.000021] target_q=[-1.649554, 0.244092, -1.554340, -0.276454, -0.517194, -1.570755] actual_q=[-1.649530, 0.244116, -1.554340, -0.276526, -0.517793, -1.570767] error_deg=[0.001373, 0.001373, 0.000000, 0.004120, 0.034332, 0.000687] latency_ms=0.054727
seq=1489 operator_q=[1.492328, 0.249012, -1.554348, -0.276307, -0.517181, -0.000021] target_q=[-1.649243, 0.249030, -1.554340, -0.276430, -0.517206, -1.570755] actual_q=[-1.649458, 0.245099, -1.554340, -0.276394, -0.517577, -1.570767] error_deg=[0.012360, 0.225220, 0.000000, 0.002060, 0.021286, 0.000687] latency_ms=0.090610
seq=1514 operator_q=[1.494677, 0.280950, -1.554360, -0.275792, -0.525234, -0.000021] target_q=[-1.646894, 0.280968, -1.554352, -0.275915, -0.525259, -1.570755] actual_q=[-1.646966, 0.270529, -1.554340, -0.276202, -0.518811, -1.570767] error_deg=[0.004120, 0.598068, 0.000687, 0.016479, 0.369415, 0.000687] latency_ms=0.005456
seq=1539 operator_q=[1.494689, 0.315525, -1.554348, -0.246886, -0.585694, -0.000021] target_q=[-1.646882, 0.315542, -1.554340, -0.247009, -0.585719, -1.570755] actual_q=[-1.647086, 0.305715, -1.554244, -0.259760, -0.562853, -1.570767] error_deg=[0.011673, 0.563049, 0.005493, 0.730591, 1.310120, 0.000687] latency_ms=1.164400
seq=1564 operator_q=[1.494737, 0.350854, -1.554348, -0.180050, -0.647533, -0.000021] target_q=[-1.646834, 0.350872, -1.554340, -0.180173, -0.647558, -1.570755] actual_q=[-1.646894, 0.340541, -1.554280, -0.201612, -0.631152, -1.570755] error_deg=[0.003433, 0.591888, 0.003433, 1.228409, 0.940018, 0.000000] latency_ms=0.090310
seq=1589 operator_q=[1.494737, 0.393278, -1.554348, -0.118115, -0.693612, -0.000021] target_q=[-1.646834, 0.393296, -1.554340, -0.118238, -0.693637, -1.570755] actual_q=[-1.646894, 0.381503, -1.554280, -0.134093, -0.678885, -1.570755] error_deg=[0.003433, 0.675659, 0.003433, 0.908432, 0.845261, 0.000000] latency_ms=0.085984
seq=1614 operator_q=[1.494737, 0.429639, -1.554348, -0.069603, -0.747242, -0.000021] target_q=[-1.646834, 0.429656, -1.554340, -0.069726, -0.747267, -1.570755] actual_q=[-1.646894, 0.420224, -1.554280, -0.085090, -0.730573, -1.570647] error_deg=[0.003433, 0.540390, 0.003433, 0.880280, 0.956497, 0.006180] latency_ms=0.020789
seq=1639 operator_q=[1.494725, 0.462415, -1.554348, -0.002779, -0.801530, -0.000021] target_q=[-1.646846, 0.462433, -1.554340, -0.002902, -0.801555, -1.570755] actual_q=[-1.646882, 0.455254, -1.554304, -0.020027, -0.788037, -1.570671] error_deg=[0.002060, 0.411301, 0.002060, 0.981216, 0.774536, 0.004807] latency_ms=2.046914
seq=1668 operator_q=[1.494725, 0.491226, -1.554348, 0.048609, -0.871866, -0.000021] target_q=[-1.646846, 0.491243, -1.554340, 0.048486, -0.871891, -1.570755] actual_q=[-1.646882, 0.481608, -1.554316, 0.034261, -0.844890, -1.570707] error_deg=[0.002060, 0.552063, 0.001373, 0.815048, 1.547012, 0.002747] latency_ms=4.917903
seq=1693 operator_q=[1.494725, 0.519964, -1.554348, 0.061864, -0.949943, -0.000021] target_q=[-1.646846, 0.519981, -1.554340, 0.061741, -0.949968, -1.570755] actual_q=[-1.646810, 0.512587, -1.554316, 0.056492, -0.921038, -1.570791] error_deg=[0.002060, 0.423660, 0.001373, 0.300751, 1.657562, 0.002060] latency_ms=0.100378
seq=1718 operator_q=[1.494725, 0.548642, -1.554348, 0.061864, -1.031412, -0.000021] target_q=[-1.646846, 0.548659, -1.554340, 0.061741, -1.031437, -1.570755] actual_q=[-1.646822, 0.540846, -1.554328, 0.059608, -1.002459, -1.570803] error_deg=[0.001373, 0.447693, 0.000687, 0.122223, 1.660309, 0.002747] latency_ms=0.084552
seq=1743 operator_q=[1.494725, 0.577021, -1.554348, 0.061864, -1.078953, -0.000021] target_q=[-1.646846, 0.577038, -1.554340, 0.061741, -1.078978, -1.570755] actual_q=[-1.646822, 0.569392, -1.554316, 0.061250, -1.060546, -1.570791] error_deg=[0.001373, 0.438080, 0.001373, 0.028152, 1.056061, 0.002060] latency_ms=0.081099
seq=1768 operator_q=[1.494725, 0.600701, -1.554348, 0.061864, -1.120646, -0.000021] target_q=[-1.646846, 0.600719, -1.554340, 0.061741, -1.120671, -1.570755] actual_q=[-1.646822, 0.593384, -1.554316, 0.061609, -1.107932, -1.570791] error_deg=[0.001373, 0.420227, 0.001373, 0.007553, 0.729904, 0.002060] latency_ms=0.084050
seq=1793 operator_q=[1.494725, 0.626192, -1.554348, 0.061852, -1.166018, -0.000021] target_q=[-1.646846, 0.626209, -1.554340, 0.061729, -1.166043, -1.570755] actual_q=[-1.646822, 0.617940, -1.554316, 0.061669, -1.150080, -1.570791] error_deg=[0.001373, 0.473785, 0.001373, 0.003433, 0.914612, 0.002060] latency_ms=0.094436
seq=1819 operator_q=[1.494713, 0.648087, -1.554348, 0.061840, -1.219959, -0.000021] target_q=[-1.646858, 0.648104, -1.554340, 0.061717, -1.219984, -1.570755] actual_q=[-1.646822, 0.643227, -1.554316, 0.061801, -1.205208, -1.570779] error_deg=[0.002060, 0.279465, 0.001373, 0.004807, 0.846634, 0.001373] latency_ms=4.178514
seq=1844 operator_q=[1.494713, 0.667322, -1.554348, 0.061828, -1.264337, -0.000021] target_q=[-1.646858, 0.667339, -1.554340, 0.061705, -1.264362, -1.570755] actual_q=[-1.646930, 0.663432, -1.554256, 0.061813, -1.246577, -1.570767] error_deg=[0.004120, 0.223846, 0.004807, 0.006180, 1.018982, 0.000687] latency_ms=0.084508
seq=1872 operator_q=[1.494713, 0.694862, -1.554348, 0.061828, -1.308343, -0.000021] target_q=[-1.646858, 0.694879, -1.554340, 0.061705, -1.308368, -1.570755] actual_q=[-1.646906, 0.687221, -1.554388, 0.061813, -1.296048, -1.570755] error_deg=[0.002747, 0.438766, 0.002747, 0.006180, 0.705872, 0.000000] latency_ms=0.098582
seq=1898 operator_q=[1.494713, 0.719034, -1.554360, 0.061816, -1.347460, -0.000021] target_q=[-1.646858, 0.719051, -1.554352, 0.061693, -1.347485, -1.570755] actual_q=[-1.646882, 0.712819, -1.554340, 0.061777, -1.329760, -1.570755] error_deg=[0.001373, 0.357056, 0.000687, 0.004807, 1.015549, 0.000000] latency_ms=0.023142
seq=1923 operator_q=[1.494713, 0.736255, -1.554360, 0.061816, -1.388793, -0.000021] target_q=[-1.646858, 0.736272, -1.554352, 0.061693, -1.388818, -1.570755] actual_q=[-1.646846, 0.732270, -1.554388, 0.061669, -1.373850, -1.570755] error_deg=[0.000687, 0.229340, 0.002060, 0.001373, 0.857620, 0.000000] latency_ms=0.087714
seq=1948 operator_q=[1.494713, 0.755741, -1.554360, 0.061816, -1.418742, -0.000021] target_q=[-1.646858, 0.755759, -1.554352, 0.061693, -1.418767, -1.570755] actual_q=[-1.646846, 0.750809, -1.554364, 0.061693, -1.410246, -1.570755] error_deg=[0.000687, 0.283585, 0.000687, 0.000000, 0.488205, 0.000000] latency_ms=0.007133
seq=1973 operator_q=[1.494713, 0.757946, -1.554372, 0.061816, -1.431877, -0.000033] target_q=[-1.646858, 0.757964, -1.554364, 0.061693, -1.431901, -1.570767] actual_q=[-1.646846, 0.757820, -1.554400, 0.061693, -1.427455, -1.570827] error_deg=[0.000687, 0.008240, 0.002060, 0.000000, 0.254745, 0.003433] latency_ms=0.086825
seq=1998 operator_q=[1.494713, 0.757899, -1.554444, 0.061816, -1.435256, -0.000033] target_q=[-1.646858, 0.757916, -1.554436, 0.061693, -1.435281, -1.570767] actual_q=[-1.646846, 0.757760, -1.554472, 0.061681, -1.434095, -1.570815] error_deg=[0.000687, 0.008926, 0.002060, 0.000687, 0.067978, 0.002747] latency_ms=0.091227
six-joint follow summary commands=1813 state_samples=362 stop_reason=OPERATOR_NOT_READY active_duration_sec=14.760521 avg_latency_ms=0.506569 max_latency_ms=7.612738 avg_error_deg=[0.019165, 0.233116, 0.019165, 0.148799, 0.652179, 0.001743] max_error_deg=[0.497131, 0.712738, 0.403748, 1.380157, 2.145767, 0.014420] abort_ret=0 servo_disable_ret=0 logout_ret=0
operator sequence=125 rate_hz=125.83 read_ok=125 read_errors=0 sent=125 send_errors=0 powered=1 enabled=1 dragging=0
operator sequence=250 rate_hz=122.95 read_ok=250 read_errors=0 sent=250 send_errors=0 powered=1 enabled=1 dragging=1
operator sequence=375 rate_hz=123.30 read_ok=375 read_errors=0 sent=375 send_errors=0 powered=1 enabled=1 dragging=1
operator sequence=500 rate_hz=123.24 read_ok=500 read_errors=0 sent=500 send_errors=0 powered=1 enabled=1 dragging=1
operator sequence=625 rate_hz=123.58 read_ok=625 read_errors=0 sent=625 send_errors=0 powered=1 enabled=1 dragging=1
operator sequence=750 rate_hz=123.49 read_ok=750 read_errors=0 sent=750 send_errors=0 powered=1 enabled=1 dragging=1
operator sequence=875 rate_hz=123.15 read_ok=875 read_errors=0 sent=875 send_errors=0 powered=1 enabled=1 dragging=1
operator sequence=1000 rate_hz=123.13 read_ok=1000 read_errors=0 sent=1000 send_errors=0 powered=1 enabled=1 dragging=1
operator sequence=1125 rate_hz=123.23 read_ok=1125 read_errors=0 sent=1125 send_errors=0 powered=1 enabled=1 dragging=1
operator sequence=1250 rate_hz=123.31 read_ok=1250 read_errors=0 sent=1250 send_errors=0 powered=1 enabled=1 dragging=1
operator sequence=1375 rate_hz=123.45 read_ok=1375 read_errors=0 sent=1375 send_errors=0 powered=1 enabled=1 dragging=1
operator sequence=1500 rate_hz=123.59 read_ok=1500 read_errors=0 sent=1500 send_errors=0 powered=1 enabled=1 dragging=1
operator sequence=1625 rate_hz=123.62 read_ok=1625 read_errors=0 sent=1625 send_errors=0 powered=1 enabled=1 dragging=1
operator sequence=1750 rate_hz=123.51 read_ok=1750 read_errors=0 sent=1750 send_errors=0 powered=1 enabled=1 dragging=1
operator sequence=1875 rate_hz=123.54 read_ok=1875 read_errors=0 sent=1875 send_errors=0 powered=1 enabled=1 dragging=1
operator sequence=2000 rate_hz=123.63 read_ok=2000 read_errors=0 sent=2000 send_errors=0 powered=1 enabled=1 dragging=1
operator summary samples=2033 read_ok=2033 read_errors=0 sent=2032 send_errors=1 max_publish_interval_ms=27.728481 max_operator_joint_call_ms=20.753706 max_operator_status_call_ms=19.483180 max_operator_drag_call_ms=3.371953 missed_periods=23 logout_ret=0
operator exit code: 0
six-joint follower exit code: 0
