Six-joint follow test: 192.168.0.101 -> 192.168.0.102
J1-J6 relative motion is 1:1
No automatic robot power-on or robot enable
try to connect: 192.168.0.102
try to connect: 192.168.0.101
connect success
six-joint follower login_ret=0 ip=192.168.0.102
connect success
operator login_ret=0 ip=192.168.0.101
operator zero captured sequence=37
servo_move_enable_ret=0
seq=62 operator_q=[1.570801, 0.785390, -1.570802, -0.000095, -1.570858, -0.000249] target_q=[-1.570746, 0.785408, -1.570783, -0.000074, -1.570799, -1.570755] actual_q=[-1.570794, 0.785408, -1.570771, -0.000086, -1.570799, -1.570467] error_deg=[0.002747, 0.000000, 0.000687, 0.000687, 0.000000, 0.016479] latency_ms=0.090181
seq=87 operator_q=[1.570801, 0.785390, -1.570802, -0.000095, -1.570858, -0.000249] target_q=[-1.570746, 0.785408, -1.570783, -0.000074, -1.570799, -1.570755] actual_q=[-1.570794, 0.785408, -1.570771, 0.000238, -1.570799, -1.570611] error_deg=[0.002747, 0.000000, 0.000687, 0.017853, 0.000000, 0.008240] latency_ms=0.087227
seq=112 operator_q=[1.570813, 0.785390, -1.570814, -0.000071, -1.570846, -0.000249] target_q=[-1.570734, 0.785408, -1.570795, -0.000050, -1.570787, -1.570755] actual_q=[-1.570710, 0.785408, -1.570867, 0.000286, -1.570799, -1.570635] error_deg=[0.001373, 0.000000, 0.004120, 0.019226, 0.000687, 0.006866] latency_ms=0.095746
seq=137 operator_q=[1.570825, 0.785390, -1.570814, -0.000059, -1.570834, -0.000249] target_q=[-1.570722, 0.785408, -1.570795, -0.000038, -1.570775, -1.570755] actual_q=[-1.570710, 0.785408, -1.570867, 0.000190, -1.570787, -1.570659] error_deg=[0.000687, 0.000000, 0.004120, 0.013046, 0.000687, 0.005493] latency_ms=0.093340
seq=162 operator_q=[1.570825, 0.785390, -1.570814, -0.000071, -1.570834, -0.000249] target_q=[-1.570722, 0.785408, -1.570795, -0.000050, -1.570775, -1.570755] actual_q=[-1.570686, 0.785408, -1.570867, -0.000170, -1.570787, -1.570671] error_deg=[0.002060, 0.000000, 0.004120, 0.006866, 0.000687, 0.004807] latency_ms=0.122823
seq=189 operator_q=[1.570825, 0.785390, -1.570814, -0.000071, -1.570834, -0.000249] target_q=[-1.570722, 0.785408, -1.570795, -0.000050, -1.570775, -1.570755] actual_q=[-1.570698, 0.785408, -1.570855, -0.000146, -1.570954, -1.570683] error_deg=[0.001373, 0.000000, 0.003433, 0.005493, 0.010300, 0.004120] latency_ms=0.092994
seq=214 operator_q=[1.570825, 0.785390, -1.570814, -0.000083, -1.570822, -0.000249] target_q=[-1.570722, 0.785408, -1.570795, -0.000062, -1.570763, -1.570755] actual_q=[-1.570698, 0.785408, -1.570843, -0.000182, -1.570787, -1.571102] error_deg=[0.001373, 0.000000, 0.002747, 0.006866, 0.001373, 0.019913] latency_ms=0.086476
seq=239 operator_q=[1.570825, 0.785390, -1.570802, -0.000083, -1.570798, -0.000249] target_q=[-1.570722, 0.785408, -1.570783, -0.000062, -1.570739, -1.570755] actual_q=[-1.570710, 0.785408, -1.570687, -0.000170, -1.570715, -1.571066] error_deg=[0.000687, 0.000000, 0.005493, 0.006180, 0.001373, 0.017853] latency_ms=0.091739
seq=264 operator_q=[1.570825, 0.785390, -1.570802, -0.000083, -1.570786, -0.000249] target_q=[-1.570722, 0.785408, -1.570783, -0.000062, -1.570727, -1.570755] actual_q=[-1.570710, 0.785408, -1.570699, -0.000146, -1.570751, -1.570923] error_deg=[0.000687, 0.000000, 0.004807, 0.004807, 0.001373, 0.009613] latency_ms=0.087690
seq=290 operator_q=[1.570825, 0.785390, -1.570766, -0.000071, -1.555386, -0.000249] target_q=[-1.570722, 0.785408, -1.570747, -0.000050, -1.555327, -1.570755] actual_q=[-1.570710, 0.785408, -1.570639, 0.000070, -1.564747, -1.570863] error_deg=[0.000687, 0.000000, 0.006180, 0.006866, 0.539703, 0.006180] latency_ms=0.098197
seq=316 operator_q=[1.570825, 0.785390, -1.570455, -0.000071, -1.475990, -0.000249] target_q=[-1.570722, 0.785408, -1.570435, -0.000050, -1.475932, -1.570755] actual_q=[-1.570722, 0.785408, -1.570303, 0.000070, -1.506563, -1.570779] error_deg=[0.000000, 0.000000, 0.007553, 0.006866, 1.755066, 0.001373] latency_ms=0.090388
seq=341 operator_q=[1.570825, 0.785390, -1.570467, -0.000071, -1.394114, -0.000249] target_q=[-1.570722, 0.785408, -1.570447, -0.000050, -1.394055, -1.570755] actual_q=[-1.570746, 0.785312, -1.570567, 0.000046, -1.423944, -1.570611] error_deg=[0.001373, 0.005493, 0.006866, 0.005493, 1.712494, 0.008240] latency_ms=0.095064
seq=366 operator_q=[1.570825, 0.785390, -1.570431, -0.000071, -1.337884, -0.000249] target_q=[-1.570722, 0.785408, -1.570411, -0.000050, -1.337825, -1.570755] actual_q=[-1.570746, 0.785324, -1.570483, 0.000022, -1.368948, -1.570671] error_deg=[0.001373, 0.004807, 0.004120, 0.004120, 1.783218, 0.004807] latency_ms=3.106571
seq=391 operator_q=[1.570825, 0.785390, -1.570431, -0.000071, -1.295304, -0.000249] target_q=[-1.570722, 0.785408, -1.570411, -0.000050, -1.295245, -1.570755] actual_q=[-1.570746, 0.785360, -1.570399, 0.000022, -1.309159, -1.570683] error_deg=[0.001373, 0.002747, 0.000687, 0.004120, 0.797195, 0.004120] latency_ms=0.094003
seq=417 operator_q=[1.570825, 0.785390, -1.570431, -0.000071, -1.294322, -0.000249] target_q=[-1.570722, 0.785408, -1.570411, -0.000050, -1.294263, -1.570755] actual_q=[-1.570746, 0.785396, -1.570399, -0.000002, -1.298541, -1.570695] error_deg=[0.001373, 0.000687, 0.000687, 0.002747, 0.245132, 0.003433] latency_ms=2.687258
seq=442 operator_q=[1.570825, 0.785390, -1.570431, -0.000071, -1.294310, -0.000249] target_q=[-1.570722, 0.785408, -1.570411, -0.000050, -1.294251, -1.570755] actual_q=[-1.570734, 0.785396, -1.570399, -0.000014, -1.295473, -1.570707] error_deg=[0.000687, 0.000687, 0.000687, 0.002060, 0.070038, 0.002747] latency_ms=0.093487
seq=467 operator_q=[1.570825, 0.785390, -1.570431, -0.000071, -1.294298, -0.000249] target_q=[-1.570722, 0.785408, -1.570411, -0.000050, -1.294239, -1.570755] actual_q=[-1.570734, 0.785396, -1.570399, -0.000014, -1.294442, -1.570719] error_deg=[0.000687, 0.000687, 0.000687, 0.002060, 0.011673, 0.002060] latency_ms=0.922820
seq=492 operator_q=[1.570825, 0.785390, -1.570431, -0.000059, -1.294310, -0.000249] target_q=[-1.570722, 0.785408, -1.570411, -0.000038, -1.294251, -1.570755] actual_q=[-1.570734, 0.785396, -1.570387, -0.000014, -1.294227, -1.570719] error_deg=[0.000687, 0.000687, 0.001373, 0.001373, 0.001373, 0.002060] latency_ms=0.089896
seq=517 operator_q=[1.570849, 0.785390, -1.570431, -0.000047, -1.294310, -0.000249] target_q=[-1.570698, 0.785408, -1.570411, -0.000026, -1.294251, -1.570755] actual_q=[-1.570602, 0.785396, -1.570399, -0.000026, -1.294191, -1.570719] error_deg=[0.005493, 0.000687, 0.000687, 0.000000, 0.003433, 0.002060] latency_ms=0.088311
seq=544 operator_q=[1.570849, 0.785390, -1.570431, -0.000047, -1.294310, -0.000249] target_q=[-1.570698, 0.785408, -1.570411, -0.000026, -1.294251, -1.570755] actual_q=[-1.570578, 0.785396, -1.570399, -0.000038, -1.294203, -1.570731] error_deg=[0.006866, 0.000687, 0.000687, 0.000687, 0.002747, 0.001373] latency_ms=3.823110
seq=569 operator_q=[1.570849, 0.785390, -1.570431, -0.000047, -1.294310, -0.000249] target_q=[-1.570698, 0.785408, -1.570411, -0.000026, -1.294251, -1.570755] actual_q=[-1.570626, 0.785396, -1.570399, -0.000038, -1.294203, -1.570731] error_deg=[0.004120, 0.000687, 0.000687, 0.000687, 0.002747, 0.001373] latency_ms=0.100127
seq=595 operator_q=[1.570849, 0.785390, -1.570443, -0.000059, -1.294453, -0.000249] target_q=[-1.570698, 0.785408, -1.570423, -0.000038, -1.294394, -1.570755] actual_q=[-1.570662, 0.785396, -1.570399, -0.000170, -1.294347, -1.570731] error_deg=[0.002060, 0.000687, 0.001373, 0.007553, 0.002747, 0.001373] latency_ms=3.442877
seq=620 operator_q=[1.570849, 0.785390, -1.570455, -0.000059, -1.294597, -0.000249] target_q=[-1.570698, 0.785408, -1.570435, -0.000038, -1.294538, -1.570755] actual_q=[-1.570686, 0.785396, -1.570435, -0.000158, -1.294598, -1.570743] error_deg=[0.000687, 0.000687, 0.000000, 0.006866, 0.003433, 0.000687] latency_ms=0.091853
seq=645 operator_q=[1.570849, 0.785390, -1.570455, -0.000059, -1.294669, -0.000249] target_q=[-1.570698, 0.785408, -1.570435, -0.000038, -1.294610, -1.570755] actual_q=[-1.570686, 0.785396, -1.570471, -0.000146, -1.294526, -1.570743] error_deg=[0.000687, 0.000687, 0.002060, 0.006180, 0.004807, 0.000687] latency_ms=0.101872
seq=670 operator_q=[1.570849, 0.785390, -1.570467, -0.000059, -1.294993, -0.000249] target_q=[-1.570698, 0.785408, -1.570447, -0.000038, -1.294934, -1.570755] actual_q=[-1.570698, 0.785396, -1.570483, -0.000122, -1.294646, -1.570743] error_deg=[0.000000, 0.000687, 0.002060, 0.004807, 0.016479, 0.000687] latency_ms=0.085672
seq=695 operator_q=[1.570849, 0.785390, -1.570479, -0.000071, -1.308451, -0.000249] target_q=[-1.570698, 0.785408, -1.570459, -0.000050, -1.308392, -1.570755] actual_q=[-1.570698, 0.785396, -1.570471, -0.000098, -1.302592, -1.570743] error_deg=[0.000000, 0.000687, 0.000687, 0.002747, 0.332336, 0.000687] latency_ms=0.080677
seq=720 operator_q=[1.570837, 0.785390, -1.570479, -0.000071, -1.338352, -0.000249] target_q=[-1.570710, 0.785408, -1.570459, -0.000050, -1.338293, -1.570755] actual_q=[-1.570698, 0.785420, -1.570399, 0.000058, -1.329736, -1.570743] error_deg=[0.000687, 0.000687, 0.003433, 0.006180, 0.490265, 0.000687] latency_ms=0.104012
seq=745 operator_q=[1.570849, 0.785390, -1.570479, -0.000071, -1.376330, -0.000249] target_q=[-1.570698, 0.785408, -1.570459, -0.000050, -1.376271, -1.570755] actual_q=[-1.570698, 0.785420, -1.570399, 0.000058, -1.365305, -1.570755] error_deg=[0.000000, 0.000687, 0.003433, 0.006180, 0.628281, 0.000000] latency_ms=0.025073
seq=770 operator_q=[1.570849, 0.785390, -1.570479, -0.000071, -1.415985, -0.000249] target_q=[-1.570698, 0.785408, -1.570459, -0.000050, -1.415927, -1.570755] actual_q=[-1.570698, 0.785420, -1.570423, 0.000046, -1.403918, -1.570935] error_deg=[0.000000, 0.000687, 0.002060, 0.005493, 0.688019, 0.010300] latency_ms=0.094450
seq=795 operator_q=[1.570849, 0.785390, -1.570491, -0.000071, -1.462664, -0.000249] target_q=[-1.570698, 0.785408, -1.570471, -0.000050, -1.462605, -1.570755] actual_q=[-1.570698, 0.785480, -1.570411, 0.000022, -1.451927, -1.570935] error_deg=[0.000000, 0.004120, 0.003433, 0.004120, 0.611801, 0.010300] latency_ms=0.005401
seq=820 operator_q=[1.570849, 0.785390, -1.570491, -0.000071, -1.506766, -0.000249] target_q=[-1.570698, 0.785408, -1.570471, -0.000050, -1.506707, -1.570755] actual_q=[-1.570698, 0.785468, -1.570495, 0.000022, -1.495610, -1.570911] error_deg=[0.000000, 0.003433, 0.001373, 0.004120, 0.635834, 0.008926] latency_ms=0.010721
seq=845 operator_q=[1.570849, 0.785390, -1.570491, -0.000071, -1.534210, -0.000249] target_q=[-1.570698, 0.785408, -1.570471, -0.000050, -1.534151, -1.570755] actual_q=[-1.570698, 0.785468, -1.570483, 0.000010, -1.528710, -1.570899] error_deg=[0.000000, 0.003433, 0.000687, 0.003433, 0.311737, 0.008240] latency_ms=0.084755
seq=870 operator_q=[1.570849, 0.785390, -1.570491, -0.000071, -1.537302, -0.000237] target_q=[-1.570698, 0.785408, -1.570471, -0.000050, -1.537243, -1.570743] actual_q=[-1.570698, 0.785468, -1.570471, 0.000010, -1.535769, -1.570635] error_deg=[0.000000, 0.003433, 0.000000, 0.003433, 0.084457, 0.006180] latency_ms=0.605964
seq=895 operator_q=[1.570849, 0.785390, -1.570467, -0.000071, -1.530591, -0.000237] target_q=[-1.570698, 0.785408, -1.570447, -0.000050, -1.530532, -1.570743] actual_q=[-1.570650, 0.785456, -1.570339, -0.000014, -1.534163, -1.570647] error_deg=[0.002747, 0.002747, 0.006180, 0.002060, 0.208054, 0.005493] latency_ms=0.106212
seq=921 operator_q=[1.570849, 0.785378, -1.570455, -0.000071, -1.470178, -0.000237] target_q=[-1.570698, 0.785396, -1.570435, -0.000050, -1.470119, -1.570743] actual_q=[-1.570662, 0.785300, -1.570483, -0.000026, -1.489426, -1.570695] error_deg=[0.002060, 0.005493, 0.002747, 0.001373, 1.106186, 0.002747] latency_ms=0.096421
seq=946 operator_q=[1.570837, 0.785354, -1.570443, -0.000071, -1.380824, -0.000237] target_q=[-1.570710, 0.785372, -1.570423, -0.000050, -1.380765, -1.570743] actual_q=[-1.570806, 0.785228, -1.570363, -0.000074, -1.403331, -1.570707] error_deg=[0.005493, 0.008240, 0.003433, 0.001373, 1.292953, 0.002060] latency_ms=0.090820
seq=971 operator_q=[1.570837, 0.785354, -1.570443, -0.000071, -1.299115, -0.000237] target_q=[-1.570710, 0.785372, -1.570423, -0.000050, -1.299056, -1.570743] actual_q=[-1.570722, 0.785240, -1.570375, -0.000170, -1.318950, -1.570707] error_deg=[0.000687, 0.007553, 0.002747, 0.006866, 1.139832, 0.002060] latency_ms=0.101310
seq=996 operator_q=[1.570849, 0.785366, -1.570443, -0.000071, -1.235347, -0.000237] target_q=[-1.570698, 0.785384, -1.570423, -0.000050, -1.235288, -1.570743] actual_q=[-1.570746, 0.785468, -1.570399, -0.000098, -1.264158, -1.570755] error_deg=[0.002747, 0.004807, 0.001373, 0.002747, 1.654129, 0.000687] latency_ms=0.096265
seq=1021 operator_q=[1.570849, 0.785366, -1.570431, -0.000071, -1.190790, -0.000237] target_q=[-1.570698, 0.785384, -1.570411, -0.000050, -1.190731, -1.570743] actual_q=[-1.570638, 0.785420, -1.570375, -0.000062, -1.214508, -1.570743] error_deg=[0.003433, 0.002060, 0.002060, 0.000687, 1.362305, 0.000000] latency_ms=0.112088
seq=1046 operator_q=[1.570849, 0.785366, -1.570431, -0.000071, -1.156383, -0.000237] target_q=[-1.570698, 0.785384, -1.570411, -0.000050, -1.156324, -1.570743] actual_q=[-1.570638, 0.785408, -1.570339, -0.000062, -1.171556, -1.570743] error_deg=[0.003433, 0.001373, 0.004120, 0.000687, 0.872726, 0.000000] latency_ms=0.087174
seq=1072 operator_q=[1.570849, 0.785366, -1.570419, -0.000071, -1.113276, -0.000237] target_q=[-1.570698, 0.785384, -1.570399, -0.000050, -1.113217, -1.570743] actual_q=[-1.570638, 0.785408, -1.570387, -0.000062, -1.126843, -1.570731] error_deg=[0.003433, 0.001373, 0.000687, 0.000687, 0.780716, 0.000687] latency_ms=2.951437
seq=1097 operator_q=[1.570849, 0.785366, -1.570263, -0.000071, -1.059850, -0.000237] target_q=[-1.570698, 0.785384, -1.570243, -0.000050, -1.059791, -1.570743] actual_q=[-1.570674, 0.785384, -1.570243, -0.000014, -1.082789, -1.570731] error_deg=[0.001373, 0.000000, 0.000000, 0.002060, 1.317673, 0.000687] latency_ms=1.770956
seq=1122 operator_q=[1.570849, 0.785366, -1.570155, -0.000071, -1.007971, -0.000237] target_q=[-1.570698, 0.785384, -1.570135, -0.000050, -1.007912, -1.570743] actual_q=[-1.570758, 0.785384, -1.570100, -0.000014, -1.023803, -1.570743] error_deg=[0.003433, 0.000000, 0.002060, 0.002060, 0.910492, 0.000000] latency_ms=0.090334
seq=1147 operator_q=[1.570849, 0.785366, -1.570143, -0.000071, -0.969825, -0.000237] target_q=[-1.570698, 0.785384, -1.570123, -0.000050, -0.969766, -1.570743] actual_q=[-1.570758, 0.785384, -1.570159, -0.000014, -0.980024, -1.570743] error_deg=[0.003433, 0.000000, 0.002060, 0.002060, 0.587769, 0.000000] latency_ms=0.082642
seq=1172 operator_q=[1.570837, 0.785378, -1.570023, -0.000071, -0.941111, -0.000237] target_q=[-1.570710, 0.785396, -1.570004, -0.000050, -0.941052, -1.570743] actual_q=[-1.570722, 0.785444, -1.569992, -0.000014, -0.949213, -1.570743] error_deg=[0.000687, 0.002747, 0.000687, 0.002060, 0.467606, 0.000000] latency_ms=0.089459
seq=1197 operator_q=[1.570849, 0.785378, -1.569939, -0.000071, -0.919048, -0.000237] target_q=[-1.570698, 0.785396, -1.569920, -0.000050, -0.918989, -1.570743] actual_q=[-1.570758, 0.785324, -1.569824, -0.000014, -0.925712, -1.570743] error_deg=[0.003433, 0.004120, 0.005493, 0.002060, 0.385208, 0.000000] latency_ms=0.054113
seq=1222 operator_q=[1.570837, 0.785378, -1.569939, -0.000071, -0.900340, -0.000237] target_q=[-1.570710, 0.785396, -1.569920, -0.000050, -0.900281, -1.570743] actual_q=[-1.570686, 0.785324, -1.569944, -0.000026, -0.903829, -1.570731] error_deg=[0.001373, 0.004120, 0.001373, 0.001373, 0.203247, 0.000687] latency_ms=0.061210
seq=1247 operator_q=[1.570837, 0.785378, -1.569939, -0.000071, -0.889902, -0.000237] target_q=[-1.570710, 0.785396, -1.569920, -0.000050, -0.889843, -1.570743] actual_q=[-1.570698, 0.785360, -1.569944, -0.000026, -0.891377, -1.570731] error_deg=[0.000687, 0.002060, 0.001373, 0.001373, 0.087891, 0.000687] latency_ms=0.093259
seq=1273 operator_q=[1.570837, 0.785378, -1.569951, -0.000071, -0.890226, -0.000237] target_q=[-1.570710, 0.785396, -1.569932, -0.000050, -0.890167, -1.570743] actual_q=[-1.570698, 0.785384, -1.569944, -0.000026, -0.890742, -1.570731] error_deg=[0.000687, 0.000687, 0.000687, 0.001373, 0.032959, 0.000687] latency_ms=0.091165
seq=1298 operator_q=[1.570837, 0.785378, -1.569975, -0.000071, -0.892694, -0.000237] target_q=[-1.570710, 0.785396, -1.569956, -0.000050, -0.892635, -1.570743] actual_q=[-1.570698, 0.785396, -1.569992, -0.000026, -0.890802, -1.570731] error_deg=[0.000687, 0.000000, 0.002060, 0.001373, 0.105057, 0.000687] latency_ms=0.087270
seq=1323 operator_q=[1.570837, 0.785378, -1.569987, -0.000071, -0.915800, -0.000237] target_q=[-1.570710, 0.785396, -1.569968, -0.000050, -0.915741, -1.570743] actual_q=[-1.570698, 0.785396, -1.569992, -0.000038, -0.906693, -1.570743] error_deg=[0.000687, 0.000000, 0.001373, 0.000687, 0.518417, 0.000000] latency_ms=0.093213
seq=1348 operator_q=[1.570837, 0.785378, -1.569999, -0.000071, -0.951633, -0.000237] target_q=[-1.570710, 0.785396, -1.569980, -0.000050, -0.951574, -1.570743] actual_q=[-1.570698, 0.785456, -1.569908, -0.000038, -0.940716, -1.570731] error_deg=[0.000687, 0.003433, 0.004120, 0.000687, 0.622101, 0.000687] latency_ms=0.822135
seq=1373 operator_q=[1.570837, 0.785378, -1.569999, -0.000071, -0.997197, -0.000237] target_q=[-1.570710, 0.785396, -1.569980, -0.000050, -0.997138, -1.570743] actual_q=[-1.570698, 0.785456, -1.569932, -0.000050, -0.985717, -1.570731] error_deg=[0.000687, 0.003433, 0.002747, 0.000000, 0.654373, 0.000687] latency_ms=0.088798
seq=1398 operator_q=[1.570837, 0.785378, -1.570011, -0.000071, -1.052564, -0.000237] target_q=[-1.570710, 0.785396, -1.569992, -0.000050, -1.052505, -1.570743] actual_q=[-1.570662, 0.785444, -1.569932, -0.000050, -1.037201, -1.570731] error_deg=[0.002747, 0.002747, 0.003433, 0.000000, 0.876846, 0.000687] latency_ms=0.083520
seq=1423 operator_q=[1.570837, 0.785378, -1.570011, -0.000071, -1.117518, -0.000237] target_q=[-1.570710, 0.785396, -1.569992, -0.000050, -1.117459, -1.570743] actual_q=[-1.570662, 0.785444, -1.569992, -0.000050, -1.105643, -1.570731] error_deg=[0.002747, 0.002747, 0.000000, 0.000000, 0.677032, 0.000687] latency_ms=3.661268
seq=1450 operator_q=[1.570837, 0.785366, -1.571833, -0.000071, -1.202271, -0.000237] target_q=[-1.570710, 0.785384, -1.571813, -0.000050, -1.202212, -1.570743] actual_q=[-1.570698, 0.785420, -1.570327, -0.000038, -1.167889, -1.570719] error_deg=[0.000687, 0.002060, 0.085144, 0.000687, 1.966553, 0.001373] latency_ms=0.097271
seq=1475 operator_q=[1.570837, 0.785366, -1.587592, -0.000071, -1.283224, -0.000237] target_q=[-1.570710, 0.785384, -1.587573, -0.000050, -1.283165, -1.570743] actual_q=[-1.570698, 0.785360, -1.581508, -0.000026, -1.255937, -1.570719] error_deg=[0.000687, 0.001373, 0.347443, 0.001373, 1.560059, 0.001373] latency_ms=0.055349
seq=1501 operator_q=[1.570837, 0.785366, -1.606623, -0.000071, -1.346896, -0.000237] target_q=[-1.570710, 0.785384, -1.606603, -0.000050, -1.346837, -1.570743] actual_q=[-1.570662, 0.785408, -1.603044, -0.000038, -1.331342, -1.570719] error_deg=[0.002747, 0.001373, 0.203934, 0.000687, 0.887833, 0.001373] latency_ms=0.157545
seq=1526 operator_q=[1.570837, 0.785366, -1.620824, -0.000071, -1.385426, -0.000237] target_q=[-1.570710, 0.785384, -1.620805, -0.000050, -1.385367, -1.570743] actual_q=[-1.570662, 0.785408, -1.617761, -0.000038, -1.374030, -1.570695] error_deg=[0.002747, 0.001373, 0.174408, 0.000687, 0.649567, 0.002747] latency_ms=0.211360
seq=1551 operator_q=[1.570837, 0.785366, -1.628710, -0.000083, -1.419844, -0.000237] target_q=[-1.570710, 0.785384, -1.628690, -0.000062, -1.419785, -1.570743] actual_q=[-1.570674, 0.785408, -1.626893, -0.000134, -1.406866, -1.570707] error_deg=[0.002060, 0.001373, 0.102997, 0.004120, 0.740204, 0.002060] latency_ms=0.132295
seq=1576 operator_q=[1.570837, 0.785366, -1.645308, -0.000083, -1.465193, -0.000237] target_q=[-1.570710, 0.785384, -1.645289, -0.000062, -1.465134, -1.570743] actual_q=[-1.570674, 0.785408, -1.638637, -0.000122, -1.451364, -1.570707] error_deg=[0.002060, 0.001373, 0.381088, 0.003433, 0.788956, 0.002060] latency_ms=0.261178
seq=1601 operator_q=[1.570837, 0.785366, -1.672692, -0.000071, -1.503183, -0.000237] target_q=[-1.570710, 0.785384, -1.672672, -0.000050, -1.503124, -1.570743] actual_q=[-1.570686, 0.785372, -1.664727, -0.000086, -1.492757, -1.570707] error_deg=[0.001373, 0.000687, 0.455246, 0.002060, 0.593948, 0.002060] latency_ms=1.851520
seq=1626 operator_q=[1.570837, 0.785366, -1.694983, -0.000071, -1.513525, -0.000237] target_q=[-1.570710, 0.785384, -1.694963, -0.000050, -1.513466, -1.570743] actual_q=[-1.570674, 0.785348, -1.690265, 0.000022, -1.512328, -1.570743] error_deg=[0.002060, 0.002060, 0.269165, 0.004120, 0.065231, 0.000000] latency_ms=0.912286
six-joint follow summary commands=1585 state_samples=317 stop_reason=OPERATOR_NOT_READY active_duration_sec=12.967971 avg_latency_ms=0.630467 max_latency_ms=7.565344 avg_error_deg=[0.001917, 0.001657, 0.033093, 0.003793, 0.539446, 0.003485] max_error_deg=[0.010986, 0.008240, 0.455246, 0.021973, 2.119675, 0.019913] abort_ret=0 servo_disable_ret=0 logout_ret=0
operator sequence=125 rate_hz=125.84 read_ok=125 read_errors=0 sent=125 send_errors=0 powered=1 enabled=1 dragging=1
operator sequence=250 rate_hz=124.41 read_ok=250 read_errors=0 sent=250 send_errors=0 powered=1 enabled=1 dragging=1
operator sequence=375 rate_hz=123.63 read_ok=375 read_errors=0 sent=375 send_errors=0 powered=1 enabled=1 dragging=1
operator sequence=500 rate_hz=123.24 read_ok=500 read_errors=0 sent=500 send_errors=0 powered=1 enabled=1 dragging=1
operator sequence=625 rate_hz=123.39 read_ok=625 read_errors=0 sent=625 send_errors=0 powered=1 enabled=1 dragging=1
operator sequence=750 rate_hz=123.49 read_ok=750 read_errors=0 sent=750 send_errors=0 powered=1 enabled=1 dragging=1
operator sequence=875 rate_hz=123.43 read_ok=875 read_errors=0 sent=875 send_errors=0 powered=1 enabled=1 dragging=1
operator sequence=1000 rate_hz=123.26 read_ok=1000 read_errors=0 sent=1000 send_errors=0 powered=1 enabled=1 dragging=1
operator sequence=1125 rate_hz=123.23 read_ok=1125 read_errors=0 sent=1125 send_errors=0 powered=1 enabled=1 dragging=1
operator sequence=1250 rate_hz=123.02 read_ok=1250 read_errors=0 sent=1250 send_errors=0 powered=1 enabled=1 dragging=1
operator sequence=1375 rate_hz=123.11 read_ok=1375 read_errors=0 sent=1375 send_errors=0 powered=1 enabled=1 dragging=1
operator sequence=1500 rate_hz=123.26 read_ok=1500 read_errors=0 sent=1500 send_errors=0 powered=1 enabled=1 dragging=1
operator sequence=1625 rate_hz=123.37 read_ok=1625 read_errors=0 sent=1625 send_errors=0 powered=1 enabled=1 dragging=1
operator summary samples=1659 read_ok=1659 read_errors=0 sent=1659 send_errors=0 max_publish_interval_ms=28.128490 max_operator_joint_call_ms=20.737000 max_operator_status_call_ms=15.322208 max_operator_drag_call_ms=16.742661 missed_periods=22 logout_ret=0
operator exit code: 0
six-joint follower exit code: 0
